Archive member included to satisfy reference by file (symbol)

D:/STM32CubeCLT/STM32CubeCLT_1.18.0/GNU-tools-for-STM32/bin/../lib/gcc/arm-none-eabi/13.3.1/thumb/v7-m/nofp\libgcc.a(_arm_mulsf3.o)
                              CMakeFiles/Final.dir/Core/Src/main.c.obj (__aeabi_fmul)
D:/STM32CubeCLT/STM32CubeCLT_1.18.0/GNU-tools-for-STM32/bin/../lib/gcc/arm-none-eabi/13.3.1/thumb/v7-m/nofp\libgcc.a(_arm_addsubsf3.o)
                              CMakeFiles/Final.dir/Core/Src/main.c.obj (__aeabi_fsub)
D:/STM32CubeCLT/STM32CubeCLT_1.18.0/GNU-tools-for-STM32/bin/../lib/gcc/arm-none-eabi/13.3.1/thumb/v7-m/nofp\libgcc.a(_arm_muldivsf3.o)
                              CMakeFiles/Final.dir/Core/Src/temperature.c.obj (__aeabi_fdiv)
D:/STM32CubeCLT/STM32CubeCLT_1.18.0/GNU-tools-for-STM32/bin/../lib/gcc/arm-none-eabi/13.3.1/thumb/v7-m/nofp\libgcc.a(_arm_cmpsf2.o)
                              CMakeFiles/Final.dir/Core/Src/temperature.c.obj (__aeabi_fcmpge)
D:/STM32CubeCLT/STM32CubeCLT_1.18.0/GNU-tools-for-STM32/bin/../lib/gcc/arm-none-eabi/13.3.1/thumb/v7-m/nofp\libgcc.a(_arm_fixsfsi.o)
                              CMakeFiles/Final.dir/Core/Src/main.c.obj (__aeabi_f2iz)
D:/STM32CubeCLT/STM32CubeCLT_1.18.0/GNU-tools-for-STM32/bin/../lib/gcc/arm-none-eabi/13.3.1/../../../../arm-none-eabi/lib/thumb/v7-m/nofp\libg_nano.a(libc_a-exit.o)
                              D:/STM32CubeCLT/STM32CubeCLT_1.18.0/GNU-tools-for-STM32/bin/../lib/gcc/arm-none-eabi/13.3.1/../../../../arm-none-eabi/lib/thumb/v7-m/nofp/crt0.o (exit)
D:/STM32CubeCLT/STM32CubeCLT_1.18.0/GNU-tools-for-STM32/bin/../lib/gcc/arm-none-eabi/13.3.1/../../../../arm-none-eabi/lib/thumb/v7-m/nofp\libg_nano.a(libc_a-findfp.o)
                              D:/STM32CubeCLT/STM32CubeCLT_1.18.0/GNU-tools-for-STM32/bin/../lib/gcc/arm-none-eabi/13.3.1/../../../../arm-none-eabi/lib/thumb/v7-m/nofp\libg_nano.a(libc_a-exit.o) (__stdio_exit_handler)
D:/STM32CubeCLT/STM32CubeCLT_1.18.0/GNU-tools-for-STM32/bin/../lib/gcc/arm-none-eabi/13.3.1/../../../../arm-none-eabi/lib/thumb/v7-m/nofp\libg_nano.a(libc_a-fwalk.o)
                              D:/STM32CubeCLT/STM32CubeCLT_1.18.0/GNU-tools-for-STM32/bin/../lib/gcc/arm-none-eabi/13.3.1/../../../../arm-none-eabi/lib/thumb/v7-m/nofp\libg_nano.a(libc_a-findfp.o) (_fwalk_sglue)
D:/STM32CubeCLT/STM32CubeCLT_1.18.0/GNU-tools-for-STM32/bin/../lib/gcc/arm-none-eabi/13.3.1/../../../../arm-none-eabi/lib/thumb/v7-m/nofp\libg_nano.a(libc_a-sprintf.o)
                              CMakeFiles/Final.dir/Core/Src/main.c.obj (sprintf)
D:/STM32CubeCLT/STM32CubeCLT_1.18.0/GNU-tools-for-STM32/bin/../lib/gcc/arm-none-eabi/13.3.1/../../../../arm-none-eabi/lib/thumb/v7-m/nofp\libg_nano.a(libc_a-stdio.o)
                              D:/STM32CubeCLT/STM32CubeCLT_1.18.0/GNU-tools-for-STM32/bin/../lib/gcc/arm-none-eabi/13.3.1/../../../../arm-none-eabi/lib/thumb/v7-m/nofp\libg_nano.a(libc_a-findfp.o) (__sread)
D:/STM32CubeCLT/STM32CubeCLT_1.18.0/GNU-tools-for-STM32/bin/../lib/gcc/arm-none-eabi/13.3.1/../../../../arm-none-eabi/lib/thumb/v7-m/nofp\libg_nano.a(libc_a-memset.o)
                              D:/STM32CubeCLT/STM32CubeCLT_1.18.0/GNU-tools-for-STM32/bin/../lib/gcc/arm-none-eabi/13.3.1/../../../../arm-none-eabi/lib/thumb/v7-m/nofp/crt0.o (memset)
D:/STM32CubeCLT/STM32CubeCLT_1.18.0/GNU-tools-for-STM32/bin/../lib/gcc/arm-none-eabi/13.3.1/../../../../arm-none-eabi/lib/thumb/v7-m/nofp\libg_nano.a(libc_a-closer.o)
                              D:/STM32CubeCLT/STM32CubeCLT_1.18.0/GNU-tools-for-STM32/bin/../lib/gcc/arm-none-eabi/13.3.1/../../../../arm-none-eabi/lib/thumb/v7-m/nofp\libg_nano.a(libc_a-stdio.o) (_close_r)
D:/STM32CubeCLT/STM32CubeCLT_1.18.0/GNU-tools-for-STM32/bin/../lib/gcc/arm-none-eabi/13.3.1/../../../../arm-none-eabi/lib/thumb/v7-m/nofp\libg_nano.a(libc_a-reent.o)
                              D:/STM32CubeCLT/STM32CubeCLT_1.18.0/GNU-tools-for-STM32/bin/../lib/gcc/arm-none-eabi/13.3.1/../../../../arm-none-eabi/lib/thumb/v7-m/nofp\libg_nano.a(libc_a-closer.o) (errno)
D:/STM32CubeCLT/STM32CubeCLT_1.18.0/GNU-tools-for-STM32/bin/../lib/gcc/arm-none-eabi/13.3.1/../../../../arm-none-eabi/lib/thumb/v7-m/nofp\libg_nano.a(libc_a-impure.o)
                              D:/STM32CubeCLT/STM32CubeCLT_1.18.0/GNU-tools-for-STM32/bin/../lib/gcc/arm-none-eabi/13.3.1/../../../../arm-none-eabi/lib/thumb/v7-m/nofp\libg_nano.a(libc_a-sprintf.o) (_impure_ptr)
D:/STM32CubeCLT/STM32CubeCLT_1.18.0/GNU-tools-for-STM32/bin/../lib/gcc/arm-none-eabi/13.3.1/../../../../arm-none-eabi/lib/thumb/v7-m/nofp\libg_nano.a(libc_a-lseekr.o)
                              D:/STM32CubeCLT/STM32CubeCLT_1.18.0/GNU-tools-for-STM32/bin/../lib/gcc/arm-none-eabi/13.3.1/../../../../arm-none-eabi/lib/thumb/v7-m/nofp\libg_nano.a(libc_a-stdio.o) (_lseek_r)
D:/STM32CubeCLT/STM32CubeCLT_1.18.0/GNU-tools-for-STM32/bin/../lib/gcc/arm-none-eabi/13.3.1/../../../../arm-none-eabi/lib/thumb/v7-m/nofp\libg_nano.a(libc_a-readr.o)
[...]
Memory Configuration

Name             Origin             Length             Attributes
RAM              0x20000000         0x00005000         xrw
FLASH            0x08000000         0x00010000         xr
*default*        0x00000000         0xffffffff

Linker script and memory map

LOAD D:/STM32CubeCLT/STM32CubeCLT_1.18.0/GNU-tools-for-STM32/bin/../lib/gcc/arm-none-eabi/13.3.1/thumb/v7-m/nofp/crti.o
LOAD D:/STM32CubeCLT/STM32CubeCLT_1.18.0/GNU-tools-for-STM32/bin/../lib/gcc/arm-none-eabi/13.3.1/thumb/v7-m/nofp/crtbegin.o
LOAD D:/STM32CubeCLT/STM32CubeCLT_1.18.0/GNU-tools-for-STM32/bin/../lib/gcc/arm-none-eabi/13.3.1/../../../../arm-none-eabi/lib/thumb/v7-m/nofp/crt0.o
LOAD cmake/stm32cubemx/CMakeFiles/STM32_Drivers.dir/__/__/Core/Src/system_stm32f1xx.c.obj
LOAD cmake/stm32cubemx/CMakeFiles/STM32_Drivers.dir/__/__/Drivers/STM32F1xx_HAL_Driver/Src/stm32f1xx_hal_gpio_ex.c.obj
LOAD cmake/stm32cubemx/CMakeFiles/STM32_Drivers.dir/__/__/Drivers/STM32F1xx_HAL_Driver/Src/stm32f1xx_hal_uart.c.obj
LOAD cmake/stm32cubemx/CMakeFiles/STM32_Drivers.dir/__/__/Drivers/STM32F1xx_HAL_Driver/Src/stm32f1xx_hal.c.obj
LOAD cmake/stm32cubemx/CMakeFiles/STM32_Drivers.dir/__/__/Drivers/STM32F1xx_HAL_Driver/Src/stm32f1xx_hal_rcc.c.obj
LOAD cmake/stm32cubemx/CMakeFiles/STM32_Drivers.dir/__/__/Drivers/STM32F1xx_HAL_Driver/Src/stm32f1xx_hal_rcc_ex.c.obj
LOAD cmake/stm32cubemx/CMakeFiles/STM32_Drivers.dir/__/__/Drivers/STM32F1xx_HAL_Driver/Src/stm32f1xx_hal_gpio.c.obj
LOAD cmake/stm32cubemx/CMakeFiles/STM32_Drivers.dir/__/__/Drivers/STM32F1xx_HAL_Driver/Src/stm32f1xx_hal_dma.c.obj
LOAD cmake/stm32cubemx/CMakeFiles/STM32_Drivers.dir/__/__/Drivers/STM32F1xx_HAL_Driver/Src/stm32f1xx_hal_cortex.c.obj
LOAD cmake/stm32cubemx/CMakeFiles/STM32_Drivers.dir/__/__/Drivers/STM32F1xx_HAL_Driver/Src/stm32f1xx_hal_pwr.c.obj
LOAD cmake/stm32cubemx/CMakeFiles/STM32_Drivers.dir/__/__/Drivers/STM32F1xx_HAL_Driver/Src/stm32f1xx_hal_flash.c.obj
LOAD cmake/stm32cubemx/CMakeFiles/STM32_Drivers.dir/__/__/Drivers/STM32F1xx_HAL_Driver/Src/stm32f1xx_hal_flash_ex.c.obj
LOAD cmake/stm32cubemx/CMakeFiles/STM32_Drivers.dir/__/__/Drivers/STM32F1xx_HAL_Driver/Src/stm32f1xx_hal_exti.c.obj
LOAD CMakeFiles/Final.dir/Core/Src/main.c.obj
LOAD CMakeFiles/Final.dir/Core/Src/gpio.c.obj
LOAD CMakeFiles/Final.dir/Core/Src/usart.c.obj
LOAD CMakeFiles/Final.dir/Core/Src/stm32f1xx_it.c.obj
LOAD CMakeFiles/Final.dir/Core/Src/stm32f1xx_hal_msp.c.obj
LOAD CMakeFiles/Final.dir/Core/Src/sysmem.c.obj
LOAD CMakeFiles/Final.dir/Core/Src/syscalls.c.obj
LOAD CMakeFiles/Final.dir/Core/Src/temperature.c.obj
LOAD CMakeFiles/Final.dir/Core/Src/key.c.obj
LOAD CMakeFiles/Final.dir/Core/Src/hc595.c.obj
LOAD CMakeFiles/Final.dir/Core/Src/temp_setting.c.obj
LOAD CMakeFiles/Final.dir/startup_stm32f103xb.s.obj
LOAD D:/STM32CubeCLT/STM32CubeCLT_1.18.0/GNU-tools-for-STM32/bin/../lib/gcc/arm-none-eabi/13.3.1/../../../../arm-none-eabi/lib/thumb/v7-m/nofp\libm.a
START GROUP
LOAD D:/STM32CubeCLT/STM32CubeCLT_1.18.0/GNU-tools-for-STM32/bin/../lib/gcc/arm-none-eabi/13.3.1/thumb/v7-m/nofp\libgcc.a
LOAD D:/STM32CubeCLT/STM32CubeCLT_1.18.0/GNU-tools-for-STM32/bin/../lib/gcc/arm-none-eabi/13.3.1/../../../../arm-none-eabi/lib/thumb/v7-m/nofp\libg_nano.a
LOAD D:/STM32CubeCLT/STM32CubeCLT_1.18.0/GNU-tools-for-STM32/bin/../lib/gcc/arm-none-eabi/13.3.1/../../../../arm-none-eabi/lib/thumb/v7-m/nofp\libc_nano.a
END GROUP
START GROUP
LOAD D:/STM32CubeCLT/STM32CubeCLT_1.18.0/GNU-tools-for-STM32/bin/../lib/gcc/arm-none-eabi/13.3.1/thumb/v7-m/nofp\libgcc.a
LOAD D:/STM32CubeCLT/STM32CubeCLT_1.18.0/GNU-tools-for-STM32/bin/../lib/gcc/arm-none-eabi/13.3.1/../../../../arm-none-eabi/lib/thumb/v7-m/nofp\libc_nano.a
END GROUP
LOAD D:/STM32CubeCLT/STM32CubeCLT_1.18.0/GNU-tools-for-STM32/bin/../lib/gcc/arm-none-eabi/13.3.1/thumb/v7-m/nofp/crtend.o
LOAD D:/STM32CubeCLT/STM32CubeCLT_1.18.0/GNU-tools-for-STM32/bin/../lib/gcc/arm-none-eabi/13.3.1/thumb/v7-m/nofp/crtn.o
                0x20005000                        _estack = (ORIGIN (RAM) + LENGTH (RAM))
                0x00000200                        _Min_Heap_Size = 0x200
                0x00000400                        _Min_Stack_Size = 0x400

.isr_vector     0x08000000      0x10c
                0x08000000                        . = ALIGN (0x4)
 *(.isr_vector)
 .isr_vector    0x08000000      0x10c CMakeFiles/Final.dir/startup_stm32f103xb.s.obj
                0x08000000                g_pfnVectors
                0x0800010c                        . = ALIGN (0x4)

.text           0x0800010c     0x3324
                0x0800010c                        . = ALIGN (0x4)
 *(.text)
 .text          0x0800010c       0x40 D:/STM32CubeCLT/STM32CubeCLT_1.18.0/GNU-tools-for-STM32/bin/../lib/gcc/arm-none-eabi/13.3.1/thumb/v7-m/nofp/crtbegin.o
 .text          0x0800014c      0x21c D:/STM32CubeCLT/STM32CubeCLT_1.18.0/GNU-tools-for-STM32/bin/../lib/gcc/arm-none-eabi/13.3.1/thumb/v7-m/nofp\libgcc.a(_arm_addsubsf3.o)
                0x0800014c                __aeabi_frsub
                0x08000154                __subsf3
                0x08000154                __aeabi_fsub
                0x08000158                __aeabi_fadd
                0x08000158                __addsf3
                0x080002b8                __aeabi_ui2f
                0x080002b8                __floatunsisf
                0x080002c0                __aeabi_i2f
                0x080002c0                __floatsisf
                0x080002dc                __aeabi_ul2f
                0x080002dc                __floatundisf
                0x080002ec                __aeabi_l2f
                0x080002ec                __floatdisf
 .text          0x08000368      0x2a0 D:/STM32CubeCLT/STM32CubeCLT_1.18.0/GNU-tools-for-STM32/bin/../lib/gcc/arm-none-eabi/13.3.1/thumb/v7-m/nofp\libgcc.a(_arm_muldivsf3.o)
                0x08000368                __mulsf3
                0x08000368                __aeabi_fmul
                0x080004d0                __aeabi_fdiv
                0x080004d0                __divsf3
 .text          0x08000608       0xec D:/STM32CubeCLT/STM32CubeCLT_1.18.0/GNU-tools-for-STM32/bin/../lib/gcc/arm-none-eabi/13.3.1/thumb/v7-m/nofp\libgcc.a(_arm_cmpsf2.o)
                0x08000608                __gesf2
                0x08000608                __gtsf2
                0x08000610                __lesf2
                0x08000610                __ltsf2
                0x08000618                __nesf2
                0x08000618                __eqsf2
                0x08000618                __cmpsf2
                0x08000678                __aeabi_cfrcmple
                0x08000680                __aeabi_cfcmpeq
                0x08000680                __aeabi_cfcmple
                0x08000690                __aeabi_fcmpeq
                0x080006a4                __aeabi_fcmplt
                0x080006b8                __aeabi_fcmple
                0x080006cc                __aeabi_fcmpge
                0x080006e0                __aeabi_fcmpgt
 *(.text*)
 .text.SystemInit
                0x080006f4        0xc cmake/stm32cubemx/CMakeFiles/STM32_Drivers.dir/__/__/Core/Src/system_stm32f1xx.c.obj
                0x080006f4                SystemInit
 .text.HAL_UART_Init
                0x08000700       0xa0 cmake/stm32cubemx/CMakeFiles/STM32_Drivers.dir/__/__/Drivers/STM32F1xx_HAL_Driver/Src/stm32f1xx_hal_uart.c.obj
                0x08000700                HAL_UART_Init
 .text.HAL_UART_Receive
                0x080007a0      0x12e cmake/stm32cubemx/CMakeFiles/STM32_Drivers.dir/__/__/Drivers/STM32F1xx_HAL_Driver/Src/stm32f1xx_hal_uart.c.obj
                0x080007a0                HAL_UART_Receive
 *fill*         0x080008ce        0x2 
 .text.HAL_UART_IRQHandler
                0x080008d0      0x524 cmake/stm32cubemx/CMakeFiles/STM32_Drivers.dir/__/__/Drivers/STM32F1xx_HAL_Driver/Src/stm32f1xx_hal_uart.c.obj
                0x080008d0                HAL_UART_IRQHandler
 .text.HAL_UART_TxCpltCallback
                0x08000df4       0x12 cmake/stm32cubemx/CMakeFiles/STM32_Drivers.dir/__/__/Drivers/STM32F1xx_HAL_Driver/Src/stm32f1xx_hal_uart.c.obj
                0x08000df4                HAL_UART_TxCpltCallback
 .text.HAL_UART_RxCpltCallback
                0x08000e06       0x12 cmake/stm32cubemx/CMakeFiles/STM32_Drivers.dir/__/__/Drivers/STM32F1xx_HAL_Driver/Src/stm32f1xx_hal_uart.c.obj
                0x08000e06                HAL_UART_RxCpltCallback
 .text.HAL_UART_ErrorCallback
                0x08000e18       0x12 cmake/stm32cubemx/CMakeFiles/STM32_Drivers.dir/__/__/Drivers/STM32F1xx_HAL_Driver/Src/stm32f1xx_hal_uart.c.obj
                0x08000e18                HAL_UART_ErrorCallback
 .text.HAL_UARTEx_RxEventCallback
                0x08000e2a       0x16 cmake/stm32cubemx/CMakeFiles/STM32_Drivers.dir/__/__/Drivers/STM32F1xx_HAL_Driver/Src/stm32f1xx_hal_uart.c.obj
                0x08000e2a                HAL_UARTEx_RxEventCallback
 .text.UART_WaitOnFlagUntilTimeout
                0x08000e40       0xb2 cmake/stm32cubemx/CMakeFiles/STM32_Drivers.dir/__/__/Drivers/STM32F1xx_HAL_Driver/Src/stm32f1xx_hal_uart.c.obj
 .text.UART_EndRxTransfer
                0x08000ef2       0xc4 cmake/stm32cubemx/CMakeFiles/STM32_Drivers.dir/__/__/Drivers/STM32F1xx_HAL_Driver/Src/stm32f1xx_hal_uart.c.obj
 .text.UART_DMAAbortOnError
                0x08000fb6       0x28 cmake/stm32cubemx/CMakeFiles/STM32_Drivers.dir/__/__/Drivers/STM32F1xx_HAL_Driver/Src/stm32f1xx_hal_uart.c.obj
 .text.UART_Transmit_IT
                0x08000fde       0x9e cmake/stm32cubemx/CMakeFiles/STM32_Drivers.dir/__/__/Drivers/STM32F1xx_HAL_Driver/Src/stm32f1xx_hal_uart.c.obj
 .text.UART_EndTransmit_IT
                0x0800107c       0x30 cmake/stm32cubemx/CMakeFiles/STM32_Drivers.dir/__/__/Drivers/STM32F1xx_HAL_Driver/Src/stm32f1xx_hal_uart.c.obj
 .text.UART_Receive_IT
                0x080010ac      0x17c cmake/stm32cubemx/CMakeFiles/STM32_Drivers.dir/__/__/Drivers/STM32F1xx_HAL_Driver/Src/stm32f1xx_hal_uart.c.obj
 .text.UART_SetConfig
                0x08001228      0x11c cmake/stm32cubemx/CMakeFiles/STM32_Drivers.dir/__/__/Drivers/STM32F1xx_HAL_Driver/Src/stm32f1xx_hal_uart.c.obj
 .text.HAL_Init
                0x08001344       0x2c cmake/stm32cubemx/CMakeFiles/STM32_Drivers.dir/__/__/Drivers/STM32F1xx_HAL_Driver/Src/stm32f1xx_hal.c.obj
                0x08001344                HAL_Init
 .text.HAL_InitTick
                0x08001370       0x60 cmake/stm32cubemx/CMakeFiles/STM32_Drivers.dir/__/__/Drivers/STM32F1xx_HAL_Driver/Src/stm32f1xx_hal.c.obj
                0x08001370                HAL_InitTick
 .text.HAL_IncTick
                0x080013d0       0x24 cmake/stm32cubemx/CMakeFiles/STM32_Drivers.dir/__/__/Drivers/STM32F1xx_HAL_Driver/Src/stm32f1xx_hal.c.obj
                0x080013d0                HAL_IncTick
 .text.HAL_GetTick
                0x080013f4       0x14 cmake/stm32cubemx/CMakeFiles/STM32_Drivers.dir/__/__/Drivers/STM32F1xx_HAL_Driver/Src/stm32f1xx_hal.c.obj
                0x080013f4                HAL_GetTick
 .text.HAL_Delay
                0x08001408       0x48 cmake/stm32cubemx/CMakeFiles/STM32_Drivers.dir/__/__/Drivers/STM32F1xx_HAL_Driver/Src/stm32f1xx_hal.c.obj
                0x08001408                HAL_Delay
 .text.HAL_RCC_OscConfig
                0x08001450      0x504 cmake/stm32cubemx/CMakeFiles/STM32_Drivers.dir/__/__/Drivers/STM32F1xx_HAL_Driver/Src/stm32f1xx_hal_rcc.c.obj
                0x08001450                HAL_RCC_OscConfig
 .text.HAL_RCC_ClockConfig
                0x08001954      0x1d4 cmake/stm32cubemx/CMakeFiles/STM32_Drivers.dir/__/__/Drivers/STM32F1xx_HAL_Driver/Src/stm32f1xx_hal_rcc.c.obj
                0x08001954                HAL_RCC_ClockConfig
 .text.HAL_RCC_GetSysClockFreq
                0x08001b28       0xa8 cmake/stm32cubemx/CMakeFiles/STM32_Drivers.dir/__/__/Drivers/STM32F1xx_HAL_Driver/Src/stm32f1xx_hal_rcc.c.obj
                0x08001b28                HAL_RCC_GetSysClockFreq
 .text.HAL_RCC_GetHCLKFreq
                0x08001bd0       0x14 cmake/stm32cubemx/CMakeFiles/STM32_Drivers.dir/__/__/Drivers/STM32F1xx_HAL_Driver/Src/stm32f1xx_hal_rcc.c.obj
                0x08001bd0                HAL_RCC_GetHCLKFreq
 .text.HAL_RCC_GetPCLK1Freq
                0x08001be4       0x28 cmake/stm32cubemx/CMakeFiles/STM32_Drivers.dir/__/__/Drivers/STM32F1xx_HAL_Driver/Src/stm32f1xx_hal_rcc.c.obj
                0x08001be4                HAL_RCC_GetPCLK1Freq
 .text.HAL_RCC_GetPCLK2Freq
                0x08001c0c       0x28 cmake/stm32cubemx/CMakeFiles/STM32_Drivers.dir/__/__/Drivers/STM32F1xx_HAL_Driver/Src/stm32f1xx_hal_rcc.c.obj
                0x08001c0c                HAL_RCC_GetPCLK2Freq
 .text.RCC_Delay
                0x08001c34       0x3c cmake/stm32cubemx/CMakeFiles/STM32_Drivers.dir/__/__/Drivers/STM32F1xx_HAL_Driver/Src/stm32f1xx_hal_rcc.c.obj
 .text.HAL_GPIO_Init
                0x08001c70      0x308 cmake/stm32cubemx/CMakeFiles/STM32_Drivers.dir/__/__/Drivers/STM32F1xx_HAL_Driver/Src/stm32f1xx_hal_gpio.c.obj
                0x08001c70                HAL_GPIO_Init
 .text.HAL_GPIO_ReadPin
                0x08001f78       0x2e cmake/stm32cubemx/CMakeFiles/STM32_Drivers.dir/__/__/Drivers/STM32F1xx_HAL_Driver/Src/stm32f1xx_hal_gpio.c.obj
                0x08001f78                HAL_GPIO_ReadPin
 .text.HAL_GPIO_WritePin
                0x08001fa6       0x30 cmake/stm32cubemx/CMakeFiles/STM32_Drivers.dir/__/__/Drivers/STM32F1xx_HAL_Driver/Src/stm32f1xx_hal_gpio.c.obj
                0x08001fa6                HAL_GPIO_WritePin
 .text.HAL_DMA_Abort
                0x08001fd6       0x76 cmake/stm32cubemx/CMakeFiles/STM32_Drivers.dir/__/__/Drivers/STM32F1xx_HAL_Driver/Src/stm32f1xx_hal_dma.c.obj
                0x08001fd6                HAL_DMA_Abort
 .text.HAL_DMA_Abort_IT
                0x0800204c       0xf0 cmake/stm32cubemx/CMakeFiles/STM32_Drivers.dir/__/__/Drivers/STM32F1xx_HAL_Driver/Src/stm32f1xx_hal_dma.c.obj
                0x0800204c                HAL_DMA_Abort_IT
 .text.__NVIC_SetPriorityGrouping
                0x0800213c       0x48 cmake/stm32cubemx/CMakeFiles/STM32_Drivers.dir/__/__/Drivers/STM32F1xx_HAL_Driver/Src/stm32f1xx_hal_cortex.c.obj
 .text.__NVIC_GetPriorityGrouping
                0x08002184       0x1c cmake/stm32cubemx/CMakeFiles/STM32_Drivers.dir/__/__/Drivers/STM32F1xx_HAL_Driver/Src/stm32f1xx_hal_cortex.c.obj
 .text.__NVIC_EnableIRQ
                0x080021a0       0x38 cmake/stm32cubemx/CMakeFiles/STM32_Drivers.dir/__/__/Drivers/STM32F1xx_HAL_Driver/Src/stm32f1xx_hal_cortex.c.obj
 .text.__NVIC_SetPriority
                0x080021d8       0x54 cmake/stm32cubemx/CMakeFiles/STM32_Drivers.dir/__/__/Drivers/STM32F1xx_HAL_Driver/Src/stm32f1xx_hal_cortex.c.obj
 .text.NVIC_EncodePriority
                0x0800222c       0x64 cmake/stm32cubemx/CMakeFiles/STM32_Drivers.dir/__/__/Drivers/STM32F1xx_HAL_Driver/Src/stm32f1xx_hal_cortex.c.obj
 .text.SysTick_Config
                0x08002290       0x44 cmake/stm32cubemx/CMakeFiles/STM32_Drivers.dir/__/__/Drivers/STM32F1xx_HAL_Driver/Src/stm32f1xx_hal_cortex.c.obj
 .text.HAL_NVIC_SetPriorityGrouping
                0x080022d4       0x16 cmake/stm32cubemx/CMakeFiles/STM32_Drivers.dir/__/__/Drivers/STM32F1xx_HAL_Driver/Src/stm32f1xx_hal_cortex.c.obj
                0x080022d4                HAL_NVIC_SetPriorityGrouping
 .text.HAL_NVIC_SetPriority
                0x080022ea       0x38 cmake/stm32cubemx/CMakeFiles/STM32_Drivers.dir/__/__/Drivers/STM32F1xx_HAL_Driver/Src/stm32f1xx_hal_cortex.c.obj
                0x080022ea                HAL_NVIC_SetPriority
 .text.HAL_NVIC_EnableIRQ
                0x08002322       0x1c cmake/stm32cubemx/CMakeFiles/STM32_Drivers.dir/__/__/Drivers/STM32F1xx_HAL_Driver/Src/stm32f1xx_hal_cortex.c.obj
                0x08002322                HAL_NVIC_EnableIRQ
 .text.HAL_SYSTICK_Config
                0x0800233e       0x18 cmake/stm32cubemx/CMakeFiles/STM32_Drivers.dir/__/__/Drivers/STM32F1xx_HAL_Driver/Src/stm32f1xx_hal_cortex.c.obj
                0x0800233e                HAL_SYSTICK_Config
 *fill*         0x08002356        0x2 
 .text.main     0x08002358       0xb8 CMakeFiles/Final.dir/Core/Src/main.c.obj
                0x08002358                main
 .text.SystemClock_Config
                0x08002410       0x8a CMakeFiles/Final.dir/Core/Src/main.c.obj
                0x08002410                SystemClock_Config
 .text.Error_Handler
                0x0800249a        0xc CMakeFiles/Final.dir/Core/Src/main.c.obj
                0x0800249a                Error_Handler
 *fill*         0x080024a6        0x2 
 .text.MX_GPIO_Init
                0x080024a8      0x134 CMakeFiles/Final.dir/Core/Src/gpio.c.obj
                0x080024a8                MX_GPIO_Init
 .text.MX_USART1_UART_Init
                0x080025dc       0x54 CMakeFiles/Final.dir/Core/Src/usart.c.obj
                0x080025dc                MX_USART1_UART_Init
 .text.MX_USART2_UART_Init
                0x08002630       0x54 CMakeFiles/Final.dir/Core/Src/usart.c.obj
                0x08002630                MX_USART2_UART_Init
 .text.HAL_UART_MspInit
                0x08002684      0x118 CMakeFiles/Final.dir/Core/Src/usart.c.obj
                0x08002684                HAL_UART_MspInit
 .text.NMI_Handler
                0x0800279c        0x8 CMakeFiles/Final.dir/Core/Src/stm32f1xx_it.c.obj
                0x0800279c                NMI_Handler
 .text.HardFault_Handler
                0x080027a4        0x8 CMakeFiles/Final.dir/Core/Src/stm32f1xx_it.c.obj
                0x080027a4                HardFault_Handler
 .text.MemManage_Handler
                0x080027ac        0x8 CMakeFiles/Final.dir/Core/Src/stm32f1xx_it.c.obj
                0x080027ac                MemManage_Handler
 .text.BusFault_Handler
                0x080027b4        0x8 CMakeFiles/Final.dir/Core/Src/stm32f1xx_it.c.obj
                0x080027b4                BusFault_Handler
 .text.UsageFault_Handler
                0x080027bc        0x8 CMakeFiles/Final.dir/Core/Src/stm32f1xx_it.c.obj
                0x080027bc                UsageFault_Handler
 .text.SVC_Handler
                0x080027c4        0xc CMakeFiles/Final.dir/Core/Src/stm32f1xx_it.c.obj
                0x080027c4                SVC_Handler
 .text.DebugMon_Handler
                0x080027d0        0xc CMakeFiles/Final.dir/Core/Src/stm32f1xx_it.c.obj
                0x080027d0                DebugMon_Handler
 .text.PendSV_Handler
                0x080027dc        0xc CMakeFiles/Final.dir/Core/Src/stm32f1xx_it.c.obj
                0x080027dc                PendSV_Handler
 .text.SysTick_Handler
                0x080027e8        0xc CMakeFiles/Final.dir/Core/Src/stm32f1xx_it.c.obj
                0x080027e8                SysTick_Handler
 .text.USART2_IRQHandler
                0x080027f4       0x14 CMakeFiles/Final.dir/Core/Src/stm32f1xx_it.c.obj
                0x080027f4                USART2_IRQHandler
 .text.HAL_MspInit
                0x08002808       0x64 CMakeFiles/Final.dir/Core/Src/stm32f1xx_hal_msp.c.obj
                0x08002808                HAL_MspInit
 .text.Parse_Temperature_Data
                0x0800286c      0x13c CMakeFiles/Final.dir/Core/Src/temperature.c.obj
                0x0800286c                Parse_Temperature_Data
 .text.KEY_Init
                0x080029a8       0x34 CMakeFiles/Final.dir/Core/Src/key.c.obj
                0x080029a8                KEY_Init
 .text.KEY_Read
                0x080029dc       0x40 CMakeFiles/Final.dir/Core/Src/key.c.obj
                0x080029dc                KEY_Read
 .text.KEY_Scan
                0x08002a1c       0x6c CMakeFiles/Final.dir/Core/Src/key.c.obj
                0x08002a1c                KEY_Scan
 .text.HC595_Delay
                0x08002a88       0x12 CMakeFiles/Final.dir/Core/Src/hc595.c.obj
 *fill*         0x08002a9a        0x2 
 .text.HC595_Init
                0x08002a9c       0x18 CMakeFiles/Final.dir/Core/Src/hc595.c.obj
                0x08002a9c                HC595_Init
 .text.HC595_SendByte
                0x08002ab4       0x74 CMakeFiles/Final.dir/Core/Src/hc595.c.obj
                0x08002ab4                HC595_SendByte
 .text.HC595_Latch
                0x08002b28       0x24 CMakeFiles/Final.dir/Core/Src/hc595.c.obj
                0x08002b28                HC595_Latch
 .text.HC595_Display3Digits
                0x08002b4c       0x64 CMakeFiles/Final.dir/Core/Src/hc595.c.obj
                0x08002b4c                HC595_Display3Digits
 .text.HC595_DisplayNumber
                0x08002bb0       0x90 CMakeFiles/Final.dir/Core/Src/hc595.c.obj
                0x08002bb0                HC595_DisplayNumber
 .text.HC595_Display3DigitsWithBlink
                0x08002c40       0xac CMakeFiles/Final.dir/Core/Src/hc595.c.obj
                0x08002c40                HC595_Display3DigitsWithBlink
 .text.HC595_TestAllOff
                0x08002cec       0x1e CMakeFiles/Final.dir/Core/Src/hc595.c.obj
                0x08002cec                HC595_TestAllOff
 .text.HC595_Test888
                0x08002d0a       0x1e CMakeFiles/Final.dir/Core/Src/hc595.c.obj
                0x08002d0a                HC595_Test888
 .text.TEMP_SETTING_Init
                0x08002d28       0x78 CMakeFiles/Final.dir/Core/Src/temp_setting.c.obj
                0x08002d28                TEMP_SETTING_Init
 .text.handle_set_key
                0x08002da0       0x58 CMakeFiles/Final.dir/Core/Src/temp_setting.c.obj
 .text.handle_add_key
                0x08002df8      0x1c8 CMakeFiles/Final.dir/Core/Src/temp_setting.c.obj
 .text.handle_sub_key
                0x08002fc0      0x1d0 CMakeFiles/Final.dir/Core/Src/temp_setting.c.obj
 .text.handle_shift_key
                0x08003190       0x60 CMakeFiles/Final.dir/Core/Src/temp_setting.c.obj
 .text.handle_blink
                0x080031f0       0x50 CMakeFiles/Final.dir/Core/Src/temp_setting.c.obj
 .text.TEMP_SETTING_Display
                0x08003240      0x104 CMakeFiles/Final.dir/Core/Src/temp_setting.c.obj
                0x08003240                TEMP_SETTING_Display
 .text.TEMP_SETTING_Handler
                0x08003344       0x1c CMakeFiles/Final.dir/Core/Src/temp_setting.c.obj
                0x08003344                TEMP_SETTING_Handler
 .text.TEMP_SETTING_GetValue
                0x08003360       0x14 CMakeFiles/Final.dir/Core/Src/temp_setting.c.obj
                0x08003360                TEMP_SETTING_GetValue
 .text.Reset_Handler
                0x08003374       0x48 CMakeFiles/Final.dir/startup_stm32f103xb.s.obj
                0x08003374                Reset_Handler
 .text.Default_Handler
                0x080033bc        0x2 CMakeFiles/Final.dir/startup_stm32f103xb.s.obj
                0x080033bc                RTC_Alarm_IRQHandler
                0x080033bc                EXTI2_IRQHandler
                0x080033bc                TIM1_CC_IRQHandler
                0x080033bc                PVD_IRQHandler
                0x080033bc                EXTI3_IRQHandler
                0x080033bc                EXTI0_IRQHandler
                0x080033bc                I2C2_EV_IRQHandler
                0x080033bc                ADC1_2_IRQHandler
                0x080033bc                SPI1_IRQHandler
                0x080033bc                TAMPER_IRQHandler
                0x080033bc                DMA1_Channel4_IRQHandler
                0x080033bc                USART3_IRQHandler
                0x080033bc                RTC_IRQHandler
                0x080033bc                DMA1_Channel7_IRQHandler
                0x080033bc                CAN1_RX1_IRQHandler
                0x080033bc                TIM4_IRQHandler
                0x080033bc                I2C1_EV_IRQHandler
                0x080033bc                DMA1_Channel6_IRQHandler
                0x080033bc                TIM3_IRQHandler
                0x080033bc                RCC_IRQHandler
                0x080033bc                TIM1_TRG_COM_IRQHandler
                0x080033bc                DMA1_Channel1_IRQHandler
                0x080033bc                Default_Handler
                0x080033bc                EXTI15_10_IRQHandler
                0x080033bc                EXTI9_5_IRQHandler
                0x080033bc                SPI2_IRQHandler
                0x080033bc                DMA1_Channel5_IRQHandler
                0x080033bc                EXTI4_IRQHandler
                0x080033bc                USB_LP_CAN1_RX0_IRQHandler
                0x080033bc                USB_HP_CAN1_TX_IRQHandler
                0x080033bc                DMA1_Channel3_IRQHandler
                0x080033bc                TIM1_UP_IRQHandler
                0x080033bc                WWDG_IRQHandler
                0x080033bc                TIM2_IRQHandler
                0x080033bc                TIM1_BRK_IRQHandler
                0x080033bc                EXTI1_IRQHandler
                0x080033bc                I2C2_ER_IRQHandler
                0x080033bc                DMA1_Channel2_IRQHandler
                0x080033bc                CAN1_SCE_IRQHandler
                0x080033bc                FLASH_IRQHandler
                0x080033bc                USART1_IRQHandler
                0x080033bc                I2C1_ER_IRQHandler
                0x080033bc                USBWakeUp_IRQHandler
 .text.memset   0x080033be       0x10 D:/STM32CubeCLT/STM32CubeCLT_1.18.0/GNU-tools-for-STM32/bin/../lib/gcc/arm-none-eabi/13.3.1/../../../../arm-none-eabi/lib/thumb/v7-m/nofp\libg_nano.a(libc_a-memset.o)
                0x080033be                memset
 *fill*         0x080033ce        0x2 
 .text.__libc_init_array
                0x080033d0       0x48 D:/STM32CubeCLT/STM32CubeCLT_1.18.0/GNU-tools-for-STM32/bin/../lib/gcc/arm-none-eabi/13.3.1/../../../../arm-none-eabi/lib/thumb/v7-m/nofp\libg_nano.a(libc_a-init.o)
                0x080033d0                __libc_init_array
 *(.glue_7)
 .glue_7        0x08003418        0x0 linker stubs
 *(.glue_7t)
 .glue_7t       0x08003418        0x0 linker stubs
 *(.eh_frame)
 .eh_frame      0x08003418        0x0 D:/STM32CubeCLT/STM32CubeCLT_1.18.0/GNU-tools-for-STM32/bin/../lib/gcc/arm-none-eabi/13.3.1/thumb/v7-m/nofp/crtbegin.o
 *(.init)
 .init          0x08003418        0x4 D:/STM32CubeCLT/STM32CubeCLT_1.18.0/GNU-tools-for-STM32/bin/../lib/gcc/arm-none-eabi/13.3.1/thumb/v7-m/nofp/crti.o
                0x08003418                _init
 .init          0x0800341c        0x8 D:/STM32CubeCLT/STM32CubeCLT_1.18.0/GNU-tools-for-STM32/bin/../lib/gcc/arm-none-eabi/13.3.1/thumb/v7-m/nofp/crtn.o
 *(.fini)
 .fini          0x08003424        0x4 D:/STM32CubeCLT/STM32CubeCLT_1.18.0/GNU-tools-for-STM32/bin/../lib/gcc/arm-none-eabi/13.3.1/thumb/v7-m/nofp/crti.o
                0x08003424                _fini
 .fini          0x08003428        0x8 D:/STM32CubeCLT/STM32CubeCLT_1.18.0/GNU-tools-for-STM32/bin/../lib/gcc/arm-none-eabi/13.3.1/thumb/v7-m/nofp/crtn.o
                0x08003430                        . = ALIGN (0x4)
                0x08003430                        _etext = .

.vfp11_veneer   0x08003430        0x0
 .vfp11_veneer  0x08003430        0x0 linker stubs

.v4_bx          0x08003430        0x0
 .v4_bx         0x08003430        0x0 linker stubs

.iplt           0x08003430        0x0
 .iplt          0x08003430        0x0 D:/STM32CubeCLT/STM32CubeCLT_1.18.0/GNU-tools-for-STM32/bin/../lib/gcc/arm-none-eabi/13.3.1/thumb/v7-m/nofp/crtbegin.o

.rodata         0x08003430       0x60
                0x08003430                        . = ALIGN (0x4)
 *(.rodata)
 *(.rodata*)
 .rodata.AHBPrescTable
                0x08003430       0x10 cmake/stm32cubemx/CMakeFiles/STM32_Drivers.dir/__/__/Core/Src/system_stm32f1xx.c.obj
                0x08003430                AHBPrescTable
 .rodata.APBPrescTable
                0x08003440        0x8 cmake/stm32cubemx/CMakeFiles/STM32_Drivers.dir/__/__/Core/Src/system_stm32f1xx.c.obj
                0x08003440                APBPrescTable
 .rodata.aPLLMULFactorTable.1
                0x08003448       0x10 cmake/stm32cubemx/CMakeFiles/STM32_Drivers.dir/__/__/Drivers/STM32F1xx_HAL_Driver/Src/stm32f1xx_hal_rcc.c.obj
 .rodata.aPredivFactorTable.0
                0x08003458        0x2 cmake/stm32cubemx/CMakeFiles/STM32_Drivers.dir/__/__/Drivers/STM32F1xx_HAL_Driver/Src/stm32f1xx_hal_rcc.c.obj
 *fill*         0x0800345a        0x2 
 .rodata.key_pins
                0x0800345c       0x20 CMakeFiles/Final.dir/Core/Src/key.c.obj
 .rodata.SEG_CODE
                0x0800347c       0x12 CMakeFiles/Final.dir/Core/Src/hc595.c.obj
                0x0800347c                SEG_CODE
                0x08003490                        . = ALIGN (0x4)
 *fill*         0x0800348e        0x2 

.ARM.extab      0x08003490        0x0
                0x08003490                        . = ALIGN (0x4)
 *(.ARM.extab* .gnu.linkonce.armextab.*)
                0x08003490                        . = ALIGN (0x4)

.ARM            0x08003490        0x0
                0x08003490                        . = ALIGN (0x4)
                0x08003490                        __exidx_start = .
 *(.ARM.exidx*)
                0x08003490                        __exidx_end = .
                0x08003490                        . = ALIGN (0x4)

.preinit_array  0x08003490        0x0
                0x08003490                        . = ALIGN (0x4)
                0x08003490                        PROVIDE (__preinit_array_start = .)
 *(.preinit_array*)
                0x08003490                        PROVIDE (__preinit_array_end = .)
                0x08003490                        . = ALIGN (0x4)

.init_array     0x08003490        0x4
                0x08003490                        . = ALIGN (0x4)
                0x08003490                        PROVIDE (__init_array_start = .)
 *(SORT_BY_NAME(.init_array.*))
 *(.init_array*)
 .init_array    0x08003490        0x4 D:/STM32CubeCLT/STM32CubeCLT_1.18.0/GNU-tools-for-STM32/bin/../lib/gcc/arm-none-eabi/13.3.1/thumb/v7-m/nofp/crtbegin.o
                0x08003494                        PROVIDE (__init_array_end = .)
                0x08003494                        . = ALIGN (0x4)

.fini_array     0x08003494        0x4
                0x08003494                        . = ALIGN (0x4)
                [!provide]                        PROVIDE (__fini_array_start = .)
 *(SORT_BY_NAME(.fini_array.*))
 *(.fini_array*)
 .fini_array    0x08003494        0x4 D:/STM32CubeCLT/STM32CubeCLT_1.18.0/GNU-tools-for-STM32/bin/../lib/gcc/arm-none-eabi/13.3.1/thumb/v7-m/nofp/crtbegin.o
                [!provide]                        PROVIDE (__fini_array_end = .)
                0x08003498                        . = ALIGN (0x4)
                0x08003498                        _sidata = LOADADDR (.data)

.rel.dyn        0x08003498        0x0
 .rel.iplt      0x08003498        0x0 D:/STM32CubeCLT/STM32CubeCLT_1.18.0/GNU-tools-for-STM32/bin/../lib/gcc/arm-none-eabi/13.3.1/thumb/v7-m/nofp/crtbegin.o

.data           0x20000000       0x1c load address 0x08003498
                0x20000000                        . = ALIGN (0x4)
                0x20000000                        _sdata = .
 *(.data)
 *(.data*)
 .data.SystemCoreClock
                0x20000000        0x4 cmake/stm32cubemx/CMakeFiles/STM32_Drivers.dir/__/__/Core/Src/system_stm32f1xx.c.obj
                0x20000000                SystemCoreClock
 .data.uwTickPrio
                0x20000004        0x4 cmake/stm32cubemx/CMakeFiles/STM32_Drivers.dir/__/__/Drivers/STM32F1xx_HAL_Driver/Src/stm32f1xx_hal.c.obj
                0x20000004                uwTickPrio
 .data.uwTickFreq
                0x20000008        0x1 cmake/stm32cubemx/CMakeFiles/STM32_Drivers.dir/__/__/Drivers/STM32F1xx_HAL_Driver/Src/stm32f1xx_hal.c.obj
                0x20000008                uwTickFreq
 *fill*         0x20000009        0x1 
 .data.g_temp_threshold
                0x2000000a        0x2 CMakeFiles/Final.dir/Core/Src/main.c.obj
                0x2000000a                g_temp_threshold
 .data.key_last_state
                0x2000000c        0x4 CMakeFiles/Final.dir/Core/Src/key.c.obj
 .data.g_setPos
                0x20000010        0x1 CMakeFiles/Final.dir/Core/Src/temp_setting.c.obj
 *fill*         0x20000011        0x1 
 .data.g_setValue
                0x20000012        0x2 CMakeFiles/Final.dir/Core/Src/temp_setting.c.obj
 .data.g_blinkState
                0x20000014        0x1 CMakeFiles/Final.dir/Core/Src/temp_setting.c.obj
 *fill*         0x20000015        0x1 
 .data.DBG_setValue
                0x20000016        0x2 CMakeFiles/Final.dir/Core/Src/temp_setting.c.obj
                0x20000016                DBG_setValue
 .data.DBG_setPos
                0x20000018        0x1 CMakeFiles/Final.dir/Core/Src/temp_setting.c.obj
                0x20000018                DBG_setPos
 .data.DBG_blinkState
                0x20000019        0x1 CMakeFiles/Final.dir/Core/Src/temp_setting.c.obj
                0x20000019                DBG_blinkState
 *(.RamFunc)
 *(.RamFunc*)
                0x2000001c                        . = ALIGN (0x4)
 *fill*         0x2000001a        0x2 

.igot.plt       0x2000001c        0x0 load address 0x080034b4
 .igot.plt      0x2000001c        0x0 D:/STM32CubeCLT/STM32CubeCLT_1.18.0/GNU-tools-for-STM32/bin/../lib/gcc/arm-none-eabi/13.3.1/thumb/v7-m/nofp/crtbegin.o

.tdata          0x2000001c        0x0 load address 0x080034b4
 *(.tdata .tdata.* .gnu.linkonce.td.*)
                0x2000001c                        . = ALIGN (0x4)
                0x2000001c                        _edata = .
                [!provide]                        PROVIDE (__data_end = .)
                [!provide]                        PROVIDE (__tdata_end = .)
                [!provide]                        PROVIDE (__tdata_start = ADDR (.tdata))
                [!provide]                        PROVIDE (__tdata_size = (__tdata_end - __tdata_start))
                [!provide]                        PROVIDE (__data_start = ADDR (.data))
                [!provide]                        PROVIDE (__data_size = (__data_end - __data_start))
                [!provide]                        PROVIDE (__tdata_source = LOADADDR (.tdata))
                [!provide]                        PROVIDE (__tdata_source_end = (LOADADDR (.tdata) + SIZEOF (.tdata)))
                [!provide]                        PROVIDE (__tdata_source_size = (__tdata_source_end - __tdata_source))
                [!provide]                        PROVIDE (__data_source = LOADADDR (.data))
                [!provide]                        PROVIDE (__data_source_end = __tdata_source_end)
                [!provide]                        PROVIDE (__data_source_size = (__data_source_end - __data_source))

.tbss           0x2000001c        0x0 load address 0x080034b4
                0x2000001c                        _sbss = .
                0x2000001c                        __bss_start__ = _sbss
 *(.tbss .tbss.*)
                0x2000001c                        . = ALIGN (0x4)
                [!provide]                        PROVIDE (__tbss_end = .)
                [!provide]                        PROVIDE (__tbss_start = ADDR (.tbss))
                [!provide]                        PROVIDE (__tbss_size = (__tbss_end - __tbss_start))
                [!provide]                        PROVIDE (__tbss_offset = (ADDR (.tbss) - ADDR (.tdata)))
                [!provide]                        PROVIDE (__tls_base = __tdata_start)
                [!provide]                        PROVIDE (__tls_end = __tbss_end)
                [!provide]                        PROVIDE (__tls_size = (__tls_end - __tls_base))
                [!provide]                        PROVIDE (__tls_align = MAX (ALIGNOF (.tdata), ALIGNOF (.tbss)))
                [!provide]                        PROVIDE (__tls_size_align = (((__tls_size + __tls_align) - 0x1) & ~ ((__tls_align - 0x1))))
                [!provide]                        PROVIDE (__arm32_tls_tcb_offset = MAX (0x8, __tls_align))
                [!provide]                        PROVIDE (__arm64_tls_tcb_offset = MAX (0x10, __tls_align))

.bss            0x2000001c      0x128 load address 0x080034b4
 *(.bss)
 .bss           0x2000001c       0x1c D:/STM32CubeCLT/STM32CubeCLT_1.18.0/GNU-tools-for-STM32/bin/../lib/gcc/arm-none-eabi/13.3.1/thumb/v7-m/nofp/crtbegin.o
 *(.bss*)
 .bss.uwTick    0x20000038        0x4 cmake/stm32cubemx/CMakeFiles/STM32_Drivers.dir/__/__/Drivers/STM32F1xx_HAL_Driver/Src/stm32f1xx_hal.c.obj
                0x20000038                uwTick
 .bss.uart2_rx_buf
                0x2000003c       0x40 CMakeFiles/Final.dir/Core/Src/main.c.obj
                0x2000003c                uart2_rx_buf
 .bss.uart2_rx_len
                0x2000007c        0x2 CMakeFiles/Final.dir/Core/Src/main.c.obj
                0x2000007c                uart2_rx_len
 *fill*         0x2000007e        0x2 
 .bss.huart1    0x20000080       0x48 CMakeFiles/Final.dir/Core/Src/usart.c.obj
                0x20000080                huart1
 .bss.huart2    0x200000c8       0x48 CMakeFiles/Final.dir/Core/Src/usart.c.obj
                0x200000c8                huart2
 .bss.temperature
                0x20000110       0x20 CMakeFiles/Final.dir/Core/Src/temperature.c.obj
                0x20000110                temperature
 .bss.temp_valid
                0x20000130        0x8 CMakeFiles/Final.dir/Core/Src/temperature.c.obj
                0x20000130                temp_valid
 .bss.temp_alarm
                0x20000138        0x1 CMakeFiles/Final.dir/Core/Src/temperature.c.obj
                0x20000138                temp_alarm
 .bss.g_setMode
                0x20000139        0x1 CMakeFiles/Final.dir/Core/Src/temp_setting.c.obj
 *fill*         0x2000013a        0x2 
 .bss.g_lastBlinkTime
                0x2000013c        0x4 CMakeFiles/Final.dir/Core/Src/temp_setting.c.obj
 .bss.DBG_setMode
                0x20000140        0x1 CMakeFiles/Final.dir/Core/Src/temp_setting.c.obj
                0x20000140                DBG_setMode
 .bss.DBG_seg_d1
                0x20000141        0x1 CMakeFiles/Final.dir/Core/Src/temp_setting.c.obj
                0x20000141                DBG_seg_d1
 .bss.DBG_seg_d2
                0x20000142        0x1 CMakeFiles/Final.dir/Core/Src/temp_setting.c.obj
                0x20000142                DBG_seg_d2
 .bss.DBG_seg_d3
                0x20000143        0x1 CMakeFiles/Final.dir/Core/Src/temp_setting.c.obj
                0x20000143                DBG_seg_d3
 *(COMMON)
                0x20000144                        . = ALIGN (0x4)
                0x20000144                        _ebss = .
                0x20000144                        __bss_end__ = _ebss
                [!provide]                        PROVIDE (__bss_end = .)
                [!provide]                        PROVIDE (__non_tls_bss_start = ADDR (.bss))
                [!provide]                        PROVIDE (__bss_start = __tbss_start)
                [!provide]                        PROVIDE (__bss_size = (__bss_end - __bss_start))

._user_heap_stack
                0x20000144      0x604 load address 0x080034b4
                0x20000148                        . = ALIGN (0x8)
 *fill*         0x20000144        0x4 
                [!provide]                        PROVIDE (end = .)
                0x20000148                        PROVIDE (_end = .)
                0x20000348                        . = (. + _Min_Heap_Size)
 *fill*         0x20000148      0x200 
                0x20000748                        . = (. + _Min_Stack_Size)
 *fill*         0x20000348      0x400 
                0x20000748                        . = ALIGN (0x8)

/DISCARD/
 libc.a:*(*)
 libm.a:*(*)
 libgcc.a:*(*)
OUTPUT(Final.elf elf32-littlearm)
LOAD linker stubs

.ARM.attributes
                0x00000000       0x29
 .ARM.attributes
                0x00000000       0x1d D:/STM32CubeCLT/STM32CubeCLT_1.18.0/GNU-tools-for-STM32/bin/../lib/gcc/arm-none-eabi/13.3.1/thumb/v7-m/nofp/crti.o
 .ARM.attributes
                0x0000001d       0x2d D:/STM32CubeCLT/STM32CubeCLT_1.18.0/GNU-tools-for-STM32/bin/../lib/gcc/arm-none-eabi/13.3.1/thumb/v7-m/nofp/crtbegin.o
 .ARM.attributes
                0x0000004a       0x2d cmake/stm32cubemx/CMakeFiles/STM32_Drivers.dir/__/__/Core/Src/system_stm32f1xx.c.obj
 .ARM.attributes
                0x00000077       0x2d cmake/stm32cubemx/CMakeFiles/STM32_Drivers.dir/__/__/Drivers/STM32F1xx_HAL_Driver/Src/stm32f1xx_hal_uart.c.obj
 .ARM.attributes
                0x000000a4       0x2d cmake/stm32cubemx/CMakeFiles/STM32_Drivers.dir/__/__/Drivers/STM32F1xx_HAL_Driver/Src/stm32f1xx_hal.c.obj
 .ARM.attributes
                0x000000d1       0x2d cmake/stm32cubemx/CMakeFiles/STM32_Drivers.dir/__/__/Drivers/STM32F1xx_HAL_Driver/Src/stm32f1xx_hal_rcc.c.obj
 .ARM.attributes
                0x000000fe       0x2d cmake/stm32cubemx/CMakeFiles/STM32_Drivers.dir/__/__/Drivers/STM32F1xx_HAL_Driver/Src/stm32f1xx_hal_gpio.c.obj
 .ARM.attributes
                0x0000012b       0x2d cmake/stm32cubemx/CMakeFiles/STM32_Drivers.dir/__/__/Drivers/STM32F1xx_HAL_Driver/Src/stm32f1xx_hal_dma.c.obj
 .ARM.attributes
                0x00000158       0x2d cmake/stm32cubemx/CMakeFiles/STM32_Drivers.dir/__/__/Drivers/STM32F1xx_HAL_Driver/Src/stm32f1xx_hal_cortex.c.obj
 .ARM.attributes
                0x00000185       0x2d CMakeFiles/Final.dir/Core/Src/main.c.obj
 .ARM.attributes
                0x000001b2       0x2d CMakeFiles/Final.dir/Core/Src/gpio.c.obj
 .ARM.attributes
                0x000001df       0x2d CMakeFiles/Final.dir/Core/Src/usart.c.obj
 .ARM.attributes
                0x0000020c       0x2d CMakeFiles/Final.dir/Core/Src/stm32f1xx_it.c.obj
 .ARM.attributes
                0x00000239       0x2d CMakeFiles/Final.dir/Core/Src/stm32f1xx_hal_msp.c.obj
 .ARM.attributes
                0x00000266       0x2d CMakeFiles/Final.dir/Core/Src/temperature.c.obj
 .ARM.attributes
                0x00000293       0x2d CMakeFiles/Final.dir/Core/Src/key.c.obj
 .ARM.attributes
                0x000002c0       0x2d CMakeFiles/Final.dir/Core/Src/hc595.c.obj
 .ARM.attributes
                0x000002ed       0x2d CMakeFiles/Final.dir/Core/Src/temp_setting.c.obj
 .ARM.attributes
                0x0000031a       0x21 CMakeFiles/Final.dir/startup_stm32f103xb.s.obj
 .ARM.attributes
                0x0000033b       0x1d D:/STM32CubeCLT/STM32CubeCLT_1.18.0/GNU-tools-for-STM32/bin/../lib/gcc/arm-none-eabi/13.3.1/thumb/v7-m/nofp\libgcc.a(_arm_addsubsf3.o)
 .ARM.attributes
                0x00000358       0x1d D:/STM32CubeCLT/STM32CubeCLT_1.18.0/GNU-tools-for-STM32/bin/../lib/gcc/arm-none-eabi/13.3.1/thumb/v7-m/nofp\libgcc.a(_arm_muldivsf3.o)
 .ARM.attributes
                0x00000375       0x1d D:/STM32CubeCLT/STM32CubeCLT_1.18.0/GNU-tools-for-STM32/bin/../lib/gcc/arm-none-eabi/13.3.1/thumb/v7-m/nofp\libgcc.a(_arm_cmpsf2.o)
 .ARM.attributes
                0x00000392       0x2d D:/STM32CubeCLT/STM32CubeCLT_1.18.0/GNU-tools-for-STM32/bin/../lib/gcc/arm-none-eabi/13.3.1/../../../../arm-none-eabi/lib/thumb/v7-m/nofp\libg_nano.a(libc_a-memset.o)
 .ARM.attributes
                0x000003bf       0x2d D:/STM32CubeCLT/STM32CubeCLT_1.18.0/GNU-tools-for-STM32/bin/../lib/gcc/arm-none-eabi/13.3.1/../../../../arm-none-eabi/lib/thumb/v7-m/nofp\libg_nano.a(libc_a-init.o)
 .ARM.attributes
                0x000003ec       0x1d D:/STM32CubeCLT/STM32CubeCLT_1.18.0/GNU-tools-for-STM32/bin/../lib/gcc/arm-none-eabi/13.3.1/thumb/v7-m/nofp/crtn.o

.comment        0x00000000       0x43
 .comment       0x00000000       0x43 cmake/stm32cubemx/CMakeFiles/STM32_Drivers.dir/__/__/Core/Src/system_stm32f1xx.c.obj
                                 0x44 (size before relaxing)
 .comment       0x00000043       0x44 cmake/stm32cubemx/CMakeFiles/STM32_Drivers.dir/__/__/Drivers/STM32F1xx_HAL_Driver/Src/stm32f1xx_hal_uart.c.obj
 .comment       0x00000043       0x44 cmake/stm32cubemx/CMakeFiles/STM32_Drivers.dir/__/__/Drivers/STM32F1xx_HAL_Driver/Src/stm32f1xx_hal.c.obj
 .comment       0x00000043       0x44 cmake/stm32cubemx/CMakeFiles/STM32_Drivers.dir/__/__/Drivers/STM32F1xx_HAL_Driver/Src/stm32f1xx_hal_rcc.c.obj
 .comment       0x00000043       0x44 cmake/stm32cubemx/CMakeFiles/STM32_Drivers.dir/__/__/Drivers/STM32F1xx_HAL_Driver/Src/stm32f1xx_hal_gpio.c.obj
 .comment       0x00000043       0x44 cmake/stm32cubemx/CMakeFiles/STM32_Drivers.dir/__/__/Drivers/STM32F1xx_HAL_Driver/Src/stm32f1xx_hal_dma.c.obj
 .comment       0x00000043       0x44 cmake/stm32cubemx/CMakeFiles/STM32_Drivers.dir/__/__/Drivers/STM32F1xx_HAL_Driver/Src/stm32f1xx_hal_cortex.c.obj
 .comment       0x00000043       0x44 CMakeFiles/Final.dir/Core/Src/main.c.obj
 .comment       0x00000043       0x44 CMakeFiles/Final.dir/Core/Src/gpio.c.obj
 .comment       0x00000043       0x44 CMakeFiles/Final.dir/Core/Src/usart.c.obj
 .comment       0x00000043       0x44 CMakeFiles/Final.dir/Core/Src/stm32f1xx_it.c.obj
 .comment       0x00000043       0x44 CMakeFiles/Final.dir/Core/Src/stm32f1xx_hal_msp.c.obj
 .comment       0x00000043       0x44 CMakeFiles/Final.dir/Core/Src/temperature.c.obj
 .comment       0x00000043       0x44 CMakeFiles/Final.dir/Core/Src/key.c.obj
 .comment       0x00000043       0x44 CMakeFiles/Final.dir/Core/Src/hc595.c.obj
 .comment       0x00000043       0x44 CMakeFiles/Final.dir/Core/Src/temp_setting.c.obj
 .comment       0x00000043       0x44 D:/STM32CubeCLT/STM32CubeCLT_1.18.0/GNU-tools-for-STM32/bin/../lib/gcc/arm-none-eabi/13.3.1/../../../../arm-none-eabi/lib/thumb/v7-m/nofp\libg_nano.a(libc_a-memset.o)
 .comment       0x00000043       0x44 D:/STM32CubeCLT/STM32CubeCLT_1.18.0/GNU-tools-for-STM32/bin/../lib/gcc/arm-none-eabi/13.3.1/../../../../arm-none-eabi/lib/thumb/v7-m/nofp\libg_nano.a(libc_a-init.o)

.debug_info     0x00000000     0x8401
 .debug_info    0x00000000      0x222 cmake/stm32cubemx/CMakeFiles/STM32_Drivers.dir/__/__/Core/Src/system_stm32f1xx.c.obj
 .debug_info    0x00000222     0x2eed cmake/stm32cubemx/CMakeFiles/STM32_Drivers.dir/__/__/Drivers/STM32F1xx_HAL_Driver/Src/stm32f1xx_hal_uart.c.obj
 .debug_info    0x0000310f      0x704 cmake/stm32cubemx/CMakeFiles/STM32_Drivers.dir/__/__/Drivers/STM32F1xx_HAL_Driver/Src/stm32f1xx_hal.c.obj
 .debug_info    0x00003813      0x7d5 cmake/stm32cubemx/CMakeFiles/STM32_Drivers.dir/__/__/Drivers/STM32F1xx_HAL_Driver/Src/stm32f1xx_hal_rcc.c.obj
 .debug_info    0x00003fe8      0x5ab cmake/stm32cubemx/CMakeFiles/STM32_Drivers.dir/__/__/Drivers/STM32F1xx_HAL_Driver/Src/stm32f1xx_hal_gpio.c.obj
 .debug_info    0x00004593      0x6d2 cmake/stm32cubemx/CMakeFiles/STM32_Drivers.dir/__/__/Drivers/STM32F1xx_HAL_Driver/Src/stm32f1xx_hal_dma.c.obj
 .debug_info    0x00004c65      0xa87 cmake/stm32cubemx/CMakeFiles/STM32_Drivers.dir/__/__/Drivers/STM32F1xx_HAL_Driver/Src/stm32f1xx_hal_cortex.c.obj
 .debug_info    0x000056ec      0x92d CMakeFiles/Final.dir/Core/Src/main.c.obj
 .debug_info    0x00006019      0x2d3 CMakeFiles/Final.dir/Core/Src/gpio.c.obj
 .debug_info    0x000062ec      0x982 CMakeFiles/Final.dir/Core/Src/usart.c.obj
 .debug_info    0x00006c6e      0x5eb CMakeFiles/Final.dir/Core/Src/stm32f1xx_it.c.obj
 .debug_info    0x00007259      0x1f1 CMakeFiles/Final.dir/Core/Src/stm32f1xx_hal_msp.c.obj
 .debug_info    0x0000744a      0x2e5 CMakeFiles/Final.dir/Core/Src/temperature.c.obj
 .debug_info    0x0000772f      0x2e8 CMakeFiles/Final.dir/Core/Src/key.c.obj
 .debug_info    0x00007a17      0x3df CMakeFiles/Final.dir/Core/Src/hc595.c.obj
 .debug_info    0x00007df6      0x3f0 CMakeFiles/Final.dir/Core/Src/temp_setting.c.obj
 .debug_info    0x000081e6       0x30 CMakeFiles/Final.dir/startup_stm32f103xb.s.obj
 .debug_info    0x00008216       0xe0 D:/STM32CubeCLT/STM32CubeCLT_1.18.0/GNU-tools-for-STM32/bin/../lib/gcc/arm-none-eabi/13.3.1/../../../../arm-none-eabi/lib/thumb/v7-m/nofp\libg_nano.a(libc_a-memset.o)
 .debug_info    0x000082f6      0x10b D:/STM32CubeCLT/STM32CubeCLT_1.18.0/GNU-tools-for-STM32/bin/../lib/gcc/arm-none-eabi/13.3.1/../../../../arm-none-eabi/lib/thumb/v7-m/nofp\libg_nano.a(libc_a-init.o)

.debug_abbrev   0x00000000     0x1fc5
 .debug_abbrev  0x00000000      0x13f cmake/stm32cubemx/CMakeFiles/STM32_Drivers.dir/__/__/Core/Src/system_stm32f1xx.c.obj
 .debug_abbrev  0x0000013f      0x2f8 cmake/stm32cubemx/CMakeFiles/STM32_Drivers.dir/__/__/Drivers/STM32F1xx_HAL_Driver/Src/stm32f1xx_hal_uart.c.obj
 .debug_abbrev  0x00000437      0x201 cmake/stm32cubemx/CMakeFiles/STM32_Drivers.dir/__/__/Drivers/STM32F1xx_HAL_Driver/Src/stm32f1xx_hal.c.obj
 .debug_abbrev  0x00000638      0x2b3 cmake/stm32cubemx/CMakeFiles/STM32_Drivers.dir/__/__/Drivers/STM32F1xx_HAL_Driver/Src/stm32f1xx_hal_rcc.c.obj
 .debug_abbrev  0x000008eb      0x1ca cmake/stm32cubemx/CMakeFiles/STM32_Drivers.dir/__/__/Drivers/STM32F1xx_HAL_Driver/Src/stm32f1xx_hal_gpio.c.obj
 .debug_abbrev  0x00000ab5      0x20b cmake/stm32cubemx/CMakeFiles/STM32_Drivers.dir/__/__/Drivers/STM32F1xx_HAL_Driver/Src/stm32f1xx_hal_dma.c.obj
 .debug_abbrev  0x00000cc0      0x2f8 cmake/stm32cubemx/CMakeFiles/STM32_Drivers.dir/__/__/Drivers/STM32F1xx_HAL_Driver/Src/stm32f1xx_hal_cortex.c.obj
 .debug_abbrev  0x00000fb8      0x276 CMakeFiles/Final.dir/Core/Src/main.c.obj
 .debug_abbrev  0x0000122e      0x13f CMakeFiles/Final.dir/Core/Src/gpio.c.obj
 .debug_abbrev  0x0000136d      0x20b CMakeFiles/Final.dir/Core/Src/usart.c.obj
 .debug_abbrev  0x00001578      0x176 CMakeFiles/Final.dir/Core/Src/stm32f1xx_it.c.obj
 .debug_abbrev  0x000016ee       0xdb CMakeFiles/Final.dir/Core/Src/stm32f1xx_hal_msp.c.obj
 .debug_abbrev  0x000017c9      0x188 CMakeFiles/Final.dir/Core/Src/temperature.c.obj
 .debug_abbrev  0x00001951      0x1a0 CMakeFiles/Final.dir/Core/Src/key.c.obj
 .debug_abbrev  0x00001af1      0x1a3 CMakeFiles/Final.dir/Core/Src/hc595.c.obj
 .debug_abbrev  0x00001c94      0x1a6 CMakeFiles/Final.dir/Core/Src/temp_setting.c.obj
 .debug_abbrev  0x00001e3a       0x24 CMakeFiles/Final.dir/startup_stm32f103xb.s.obj
 .debug_abbrev  0x00001e5e       0x9e D:/STM32CubeCLT/STM32CubeCLT_1.18.0/GNU-tools-for-STM32/bin/../lib/gcc/arm-none-eabi/13.3.1/../../../../arm-none-eabi/lib/thumb/v7-m/nofp\libg_nano.a(libc_a-memset.o)
 .debug_abbrev  0x00001efc       0xc9 D:/STM32CubeCLT/STM32CubeCLT_1.18.0/GNU-tools-for-STM32/bin/../lib/gcc/arm-none-eabi/13.3.1/../../../../arm-none-eabi/lib/thumb/v7-m/nofp\libg_nano.a(libc_a-init.o)

.debug_aranges  0x00000000      0x838
 .debug_aranges
                0x00000000       0x28 cmake/stm32cubemx/CMakeFiles/STM32_Drivers.dir/__/__/Core/Src/system_stm32f1xx.c.obj
 .debug_aranges
                0x00000028      0x208 cmake/stm32cubemx/CMakeFiles/STM32_Drivers.dir/__/__/Drivers/STM32F1xx_HAL_Driver/Src/stm32f1xx_hal_uart.c.obj
 .debug_aranges
                0x00000230       0xe0 cmake/stm32cubemx/CMakeFiles/STM32_Drivers.dir/__/__/Drivers/STM32F1xx_HAL_Driver/Src/stm32f1xx_hal.c.obj
 .debug_aranges
                0x00000310       0x90 cmake/stm32cubemx/CMakeFiles/STM32_Drivers.dir/__/__/Drivers/STM32F1xx_HAL_Driver/Src/stm32f1xx_hal_rcc.c.obj
 .debug_aranges
                0x000003a0       0x58 cmake/stm32cubemx/CMakeFiles/STM32_Drivers.dir/__/__/Drivers/STM32F1xx_HAL_Driver/Src/stm32f1xx_hal_gpio.c.obj
 .debug_aranges
                0x000003f8       0x80 cmake/stm32cubemx/CMakeFiles/STM32_Drivers.dir/__/__/Drivers/STM32F1xx_HAL_Driver/Src/stm32f1xx_hal_dma.c.obj
 .debug_aranges
                0x00000478      0x100 cmake/stm32cubemx/CMakeFiles/STM32_Drivers.dir/__/__/Drivers/STM32F1xx_HAL_Driver/Src/stm32f1xx_hal_cortex.c.obj
 .debug_aranges
                0x00000578       0x38 CMakeFiles/Final.dir/Core/Src/main.c.obj
 .debug_aranges
                0x000005b0       0x20 CMakeFiles/Final.dir/Core/Src/gpio.c.obj
 .debug_aranges
                0x000005d0       0x38 CMakeFiles/Final.dir/Core/Src/usart.c.obj
 .debug_aranges
                0x00000608       0x68 CMakeFiles/Final.dir/Core/Src/stm32f1xx_it.c.obj
 .debug_aranges
                0x00000670       0x20 CMakeFiles/Final.dir/Core/Src/stm32f1xx_hal_msp.c.obj
 .debug_aranges
                0x00000690       0x30 CMakeFiles/Final.dir/Core/Src/temperature.c.obj
 .debug_aranges
                0x000006c0       0x30 CMakeFiles/Final.dir/Core/Src/key.c.obj
 .debug_aranges
                0x000006f0       0x80 CMakeFiles/Final.dir/Core/Src/hc595.c.obj
 .debug_aranges
                0x00000770       0x60 CMakeFiles/Final.dir/Core/Src/temp_setting.c.obj
 .debug_aranges
                0x000007d0       0x28 CMakeFiles/Final.dir/startup_stm32f103xb.s.obj
 .debug_aranges
                0x000007f8       0x20 D:/STM32CubeCLT/STM32CubeCLT_1.18.0/GNU-tools-for-STM32/bin/../lib/gcc/arm-none-eabi/13.3.1/../../../../arm-none-eabi/lib/thumb/v7-m/nofp\libg_nano.a(libc_a-memset.o)
 .debug_aranges
                0x00000818       0x20 D:/STM32CubeCLT/STM32CubeCLT_1.18.0/GNU-tools-for-STM32/bin/../lib/gcc/arm-none-eabi/13.3.1/../../../../arm-none-eabi/lib/thumb/v7-m/nofp\libg_nano.a(libc_a-init.o)

.debug_rnglists
                0x00000000      0x622
 .debug_rnglists
                0x00000000       0x1a cmake/stm32cubemx/CMakeFiles/STM32_Drivers.dir/__/__/Core/Src/system_stm32f1xx.c.obj
 .debug_rnglists
                0x0000001a      0x1bc cmake/stm32cubemx/CMakeFiles/STM32_Drivers.dir/__/__/Drivers/STM32F1xx_HAL_Driver/Src/stm32f1xx_hal_uart.c.obj
 .debug_rnglists
                0x000001d6       0xa3 cmake/stm32cubemx/CMakeFiles/STM32_Drivers.dir/__/__/Drivers/STM32F1xx_HAL_Driver/Src/stm32f1xx_hal.c.obj
 .debug_rnglists
                0x00000279       0x6c cmake/stm32cubemx/CMakeFiles/STM32_Drivers.dir/__/__/Drivers/STM32F1xx_HAL_Driver/Src/stm32f1xx_hal_rcc.c.obj
 .debug_rnglists
                0x000002e5       0x3f cmake/stm32cubemx/CMakeFiles/STM32_Drivers.dir/__/__/Drivers/STM32F1xx_HAL_Driver/Src/stm32f1xx_hal_gpio.c.obj
 .debug_rnglists
                0x00000324       0x64 cmake/stm32cubemx/CMakeFiles/STM32_Drivers.dir/__/__/Drivers/STM32F1xx_HAL_Driver/Src/stm32f1xx_hal_dma.c.obj
 .debug_rnglists
                0x00000388       0xbb cmake/stm32cubemx/CMakeFiles/STM32_Drivers.dir/__/__/Drivers/STM32F1xx_HAL_Driver/Src/stm32f1xx_hal_cortex.c.obj
 .debug_rnglists
                0x00000443       0x28 CMakeFiles/Final.dir/Core/Src/main.c.obj
 .debug_rnglists
                0x0000046b       0x14 CMakeFiles/Final.dir/Core/Src/gpio.c.obj
 .debug_rnglists
                0x0000047f       0x26 CMakeFiles/Final.dir/Core/Src/usart.c.obj
 .debug_rnglists
                0x000004a5       0x49 CMakeFiles/Final.dir/Core/Src/stm32f1xx_it.c.obj
 .debug_rnglists
                0x000004ee       0x13 CMakeFiles/Final.dir/Core/Src/stm32f1xx_hal_msp.c.obj
 .debug_rnglists
                0x00000501       0x20 CMakeFiles/Final.dir/Core/Src/temperature.c.obj
 .debug_rnglists
                0x00000521       0x1f CMakeFiles/Final.dir/Core/Src/key.c.obj
 .debug_rnglists
                0x00000540       0x5d CMakeFiles/Final.dir/Core/Src/hc595.c.obj
 .debug_rnglists
                0x0000059d       0x46 CMakeFiles/Final.dir/Core/Src/temp_setting.c.obj
 .debug_rnglists
                0x000005e3       0x19 CMakeFiles/Final.dir/startup_stm32f103xb.s.obj
 .debug_rnglists
                0x000005fc       0x13 D:/STM32CubeCLT/STM32CubeCLT_1.18.0/GNU-tools-for-STM32/bin/../lib/gcc/arm-none-eabi/13.3.1/../../../../arm-none-eabi/lib/thumb/v7-m/nofp\libg_nano.a(libc_a-memset.o)
 .debug_rnglists
                0x0000060f       0x13 D:/STM32CubeCLT/STM32CubeCLT_1.18.0/GNU-tools-for-STM32/bin/../lib/gcc/arm-none-eabi/13.3.1/../../../../arm-none-eabi/lib/thumb/v7-m/nofp\libg_nano.a(libc_a-init.o)

.debug_macro    0x00000000    0x1763b
 .debug_macro   0x00000000      0x18e cmake/stm32cubemx/CMakeFiles/STM32_Drivers.dir/__/__/Core/Src/system_stm32f1xx.c.obj
 .debug_macro   0x0000018e      0xacc cmake/stm32cubemx/CMakeFiles/STM32_Drivers.dir/__/__/Core/Src/system_stm32f1xx.c.obj
 .debug_macro   0x00000c5a       0x2e cmake/stm32cubemx/CMakeFiles/STM32_Drivers.dir/__/__/Core/Src/system_stm32f1xx.c.obj
 .debug_macro   0x00000c88       0x22 cmake/stm32cubemx/CMakeFiles/STM32_Drivers.dir/__/__/Core/Src/system_stm32f1xx.c.obj
 .debug_macro   0x00000caa       0x22 cmake/stm32cubemx/CMakeFiles/STM32_Drivers.dir/__/__/Core/Src/system_stm32f1xx.c.obj
 .debug_macro   0x00000ccc       0x8e cmake/stm32cubemx/CMakeFiles/STM32_Drivers.dir/__/__/Core/Src/system_stm32f1xx.c.obj
 .debug_macro   0x00000d5a       0x51 cmake/stm32cubemx/CMakeFiles/STM32_Drivers.dir/__/__/Core/Src/system_stm32f1xx.c.obj
 .debug_macro   0x00000dab      0x103 cmake/stm32cubemx/CMakeFiles/STM32_Drivers.dir/__/__/Core/Src/system_stm32f1xx.c.obj
 .debug_macro   0x00000eae       0x6a cmake/stm32cubemx/CMakeFiles/STM32_Drivers.dir/__/__/Core/Src/system_stm32f1xx.c.obj
 .debug_macro   0x00000f18      0x1df cmake/stm32cubemx/CMakeFiles/STM32_Drivers.dir/__/__/Core/Src/system_stm32f1xx.c.obj
 .debug_macro   0x000010f7       0x1c cmake/stm32cubemx/CMakeFiles/STM32_Drivers.dir/__/__/Core/Src/system_stm32f1xx.c.obj
 .debug_macro   0x00001113       0x22 cmake/stm32cubemx/CMakeFiles/STM32_Drivers.dir/__/__/Core/Src/system_stm32f1xx.c.obj
 .debug_macro   0x00001135       0xbd cmake/stm32cubemx/CMakeFiles/STM32_Drivers.dir/__/__/Core/Src/system_stm32f1xx.c.obj
 .debug_macro   0x000011f2      0xd23 cmake/stm32cubemx/CMakeFiles/STM32_Drivers.dir/__/__/Core/Src/system_stm32f1xx.c.obj
 .debug_macro   0x00001f15     0xe09e cmake/stm32cubemx/CMakeFiles/STM32_Drivers.dir/__/__/Core/Src/system_stm32f1xx.c.obj
 .debug_macro   0x0000ffb3       0x6d cmake/stm32cubemx/CMakeFiles/STM32_Drivers.dir/__/__/Core/Src/system_stm32f1xx.c.obj
 .debug_macro   0x00010020      0x215 cmake/stm32cubemx/CMakeFiles/STM32_Drivers.dir/__/__/Core/Src/system_stm32f1xx.c.obj
 .debug_macro   0x00010235     0x34a2 cmake/stm32cubemx/CMakeFiles/STM32_Drivers.dir/__/__/Core/Src/system_stm32f1xx.c.obj
 .debug_macro   0x000136d7      0x190 cmake/stm32cubemx/CMakeFiles/STM32_Drivers.dir/__/__/Core/Src/system_stm32f1xx.c.obj
 .debug_macro   0x00013867       0x5c cmake/stm32cubemx/CMakeFiles/STM32_Drivers.dir/__/__/Core/Src/system_stm32f1xx.c.obj
 .debug_macro   0x000138c3      0x5bc cmake/stm32cubemx/CMakeFiles/STM32_Drivers.dir/__/__/Core/Src/system_stm32f1xx.c.obj
 .debug_macro   0x00013e7f      0x289 cmake/stm32cubemx/CMakeFiles/STM32_Drivers.dir/__/__/Core/Src/system_stm32f1xx.c.obj
 .debug_macro   0x00014108      0x1cb cmake/stm32cubemx/CMakeFiles/STM32_Drivers.dir/__/__/Core/Src/system_stm32f1xx.c.obj
 .debug_macro   0x000142d3      0x114 cmake/stm32cubemx/CMakeFiles/STM32_Drivers.dir/__/__/Core/Src/system_stm32f1xx.c.obj
 .debug_macro   0x000143e7      0x1b2 cmake/stm32cubemx/CMakeFiles/STM32_Drivers.dir/__/__/Core/Src/system_stm32f1xx.c.obj
 .debug_macro   0x00014599       0x27 cmake/stm32cubemx/CMakeFiles/STM32_Drivers.dir/__/__/Core/Src/system_stm32f1xx.c.obj
 .debug_macro   0x000145c0      0x136 cmake/stm32cubemx/CMakeFiles/STM32_Drivers.dir/__/__/Core/Src/system_stm32f1xx.c.obj
 .debug_macro   0x000146f6      0x1bc cmake/stm32cubemx/CMakeFiles/STM32_Drivers.dir/__/__/Core/Src/system_stm32f1xx.c.obj
 .debug_macro   0x000148b2       0x34 cmake/stm32cubemx/CMakeFiles/STM32_Drivers.dir/__/__/Core/Src/system_stm32f1xx.c.obj
 .debug_macro   0x000148e6       0x3c cmake/stm32cubemx/CMakeFiles/STM32_Drivers.dir/__/__/Core/Src/system_stm32f1xx.c.obj
 .debug_macro   0x00014922       0x57 cmake/stm32cubemx/CMakeFiles/STM32_Drivers.dir/__/__/Core/Src/system_stm32f1xx.c.obj
 .debug_macro   0x00014979       0x87 cmake/stm32cubemx/CMakeFiles/STM32_Drivers.dir/__/__/Core/Src/system_stm32f1xx.c.obj
 .debug_macro   0x00014a00      0x240 cmake/stm32cubemx/CMakeFiles/STM32_Drivers.dir/__/__/Core/Src/system_stm32f1xx.c.obj
 .debug_macro   0x00014c40      0x140 cmake/stm32cubemx/CMakeFiles/STM32_Drivers.dir/__/__/Core/Src/system_stm32f1xx.c.obj
 .debug_macro   0x00014d80      0x28e cmake/stm32cubemx/CMakeFiles/STM32_Drivers.dir/__/__/Core/Src/system_stm32f1xx.c.obj
 .debug_macro   0x0001500e       0x83 cmake/stm32cubemx/CMakeFiles/STM32_Drivers.dir/__/__/Core/Src/system_stm32f1xx.c.obj
 .debug_macro   0x00015091      0x18f cmake/stm32cubemx/CMakeFiles/STM32_Drivers.dir/__/__/Drivers/STM32F1xx_HAL_Driver/Src/stm32f1xx_hal_uart.c.obj
 .debug_macro   0x00015220      0x1b2 cmake/stm32cubemx/CMakeFiles/STM32_Drivers.dir/__/__/Drivers/STM32F1xx_HAL_Driver/Src/stm32f1xx_hal.c.obj
 .debug_macro   0x000153d2      0x1a0 cmake/stm32cubemx/CMakeFiles/STM32_Drivers.dir/__/__/Drivers/STM32F1xx_HAL_Driver/Src/stm32f1xx_hal_rcc.c.obj
 .debug_macro   0x00015572      0x1f9 cmake/stm32cubemx/CMakeFiles/STM32_Drivers.dir/__/__/Drivers/STM32F1xx_HAL_Driver/Src/stm32f1xx_hal_gpio.c.obj
 .debug_macro   0x0001576b      0x18e cmake/stm32cubemx/CMakeFiles/STM32_Drivers.dir/__/__/Drivers/STM32F1xx_HAL_Driver/Src/stm32f1xx_hal_dma.c.obj
 .debug_macro   0x000158f9      0x18e cmake/stm32cubemx/CMakeFiles/STM32_Drivers.dir/__/__/Drivers/STM32F1xx_HAL_Driver/Src/stm32f1xx_hal_cortex.c.obj
 .debug_macro   0x00015a87      0x2a8 CMakeFiles/Final.dir/Core/Src/main.c.obj
 .debug_macro   0x00015d2f       0x88 CMakeFiles/Final.dir/Core/Src/main.c.obj
 .debug_macro   0x00015db7       0x28 CMakeFiles/Final.dir/Core/Src/main.c.obj
 .debug_macro   0x00015ddf       0x10 CMakeFiles/Final.dir/Core/Src/main.c.obj
 .debug_macro   0x00015def       0x10 CMakeFiles/Final.dir/Core/Src/main.c.obj
 .debug_macro   0x00015dff       0x10 CMakeFiles/Final.dir/Core/Src/main.c.obj
 .debug_macro   0x00015e0f       0x74 CMakeFiles/Final.dir/Core/Src/main.c.obj
 .debug_macro   0x00015e83       0x24 CMakeFiles/Final.dir/Core/Src/main.c.obj
 .debug_macro   0x00015ea7       0x3c CMakeFiles/Final.dir/Core/Src/main.c.obj
 .debug_macro   0x00015ee3       0x34 CMakeFiles/Final.dir/Core/Src/main.c.obj
 .debug_macro   0x00015f17       0x16 CMakeFiles/Final.dir/Core/Src/main.c.obj
 .debug_macro   0x00015f2d       0x3c CMakeFiles/Final.dir/Core/Src/main.c.obj
 .debug_macro   0x00015f69      0x370 CMakeFiles/Final.dir/Core/Src/main.c.obj
 .debug_macro   0x000162d9       0x10 CMakeFiles/Final.dir/Core/Src/main.c.obj
 .debug_macro   0x000162e9       0x16 CMakeFiles/Final.dir/Core/Src/main.c.obj
 .debug_macro   0x000162ff       0x4a CMakeFiles/Final.dir/Core/Src/main.c.obj
 .debug_macro   0x00016349       0x34 CMakeFiles/Final.dir/Core/Src/main.c.obj
 .debug_macro   0x0001637d       0x10 CMakeFiles/Final.dir/Core/Src/main.c.obj
 .debug_macro   0x0001638d       0x58 CMakeFiles/Final.dir/Core/Src/main.c.obj
 .debug_macro   0x000163e5      0x1e5 CMakeFiles/Final.dir/Core/Src/main.c.obj
 .debug_macro   0x000165ca       0x16 CMakeFiles/Final.dir/Core/Src/main.c.obj
 .debug_macro   0x000165e0       0x16 CMakeFiles/Final.dir/Core/Src/main.c.obj
 .debug_macro   0x000165f6      0x170 CMakeFiles/Final.dir/Core/Src/main.c.obj
 .debug_macro   0x00016766      0x1a7 CMakeFiles/Final.dir/Core/Src/gpio.c.obj
 .debug_macro   0x0001690d      0x1a7 CMakeFiles/Final.dir/Core/Src/usart.c.obj
 .debug_macro   0x00016ab4      0x1a7 CMakeFiles/Final.dir/Core/Src/stm32f1xx_it.c.obj
 .debug_macro   0x00016c5b      0x19d CMakeFiles/Final.dir/Core/Src/stm32f1xx_hal_msp.c.obj
 .debug_macro   0x00016df8      0x278 CMakeFiles/Final.dir/Core/Src/temperature.c.obj
 .debug_macro   0x00017070       0x10 CMakeFiles/Final.dir/Core/Src/temperature.c.obj
 .debug_macro   0x00017080       0x20 CMakeFiles/Final.dir/Core/Src/temperature.c.obj
 .debug_macro   0x000170a0       0x56 CMakeFiles/Final.dir/Core/Src/temperature.c.obj
 .debug_macro   0x000170f6      0x1ad CMakeFiles/Final.dir/Core/Src/key.c.obj
 .debug_macro   0x000172a3      0x1ac CMakeFiles/Final.dir/Core/Src/hc595.c.obj
 .debug_macro   0x0001744f       0x22 CMakeFiles/Final.dir/Core/Src/hc595.c.obj
 .debug_macro   0x00017471      0x1ca CMakeFiles/Final.dir/Core/Src/temp_setting.c.obj

.debug_line     0x00000000     0xaf9d
 .debug_line    0x00000000      0x734 cmake/stm32cubemx/CMakeFiles/STM32_Drivers.dir/__/__/Core/Src/system_stm32f1xx.c.obj
 .debug_line    0x00000734     0x2481 cmake/stm32cubemx/CMakeFiles/STM32_Drivers.dir/__/__/Drivers/STM32F1xx_HAL_Driver/Src/stm32f1xx_hal_uart.c.obj
 .debug_line    0x00002bb5      0x965 cmake/stm32cubemx/CMakeFiles/STM32_Drivers.dir/__/__/Drivers/STM32F1xx_HAL_Driver/Src/stm32f1xx_hal.c.obj
 .debug_line    0x0000351a      0xe1e cmake/stm32cubemx/CMakeFiles/STM32_Drivers.dir/__/__/Drivers/STM32F1xx_HAL_Driver/Src/stm32f1xx_hal_rcc.c.obj
 .debug_line    0x00004338      0x9c2 cmake/stm32cubemx/CMakeFiles/STM32_Drivers.dir/__/__/Drivers/STM32F1xx_HAL_Driver/Src/stm32f1xx_hal_gpio.c.obj
 .debug_line    0x00004cfa      0xd6f cmake/stm32cubemx/CMakeFiles/STM32_Drivers.dir/__/__/Drivers/STM32F1xx_HAL_Driver/Src/stm32f1xx_hal_dma.c.obj
 .debug_line    0x00005a69      0xb2f cmake/stm32cubemx/CMakeFiles/STM32_Drivers.dir/__/__/Drivers/STM32F1xx_HAL_Driver/Src/stm32f1xx_hal_cortex.c.obj
 .debug_line    0x00006598      0x8c0 CMakeFiles/Final.dir/Core/Src/main.c.obj
 .debug_line    0x00006e58      0x6f5 CMakeFiles/Final.dir/Core/Src/gpio.c.obj
 .debug_line    0x0000754d      0x7a0 CMakeFiles/Final.dir/Core/Src/usart.c.obj
 .debug_line    0x00007ced      0x77c CMakeFiles/Final.dir/Core/Src/stm32f1xx_it.c.obj
 .debug_line    0x00008469      0x6b6 CMakeFiles/Final.dir/Core/Src/stm32f1xx_hal_msp.c.obj
 .debug_line    0x00008b1f      0x815 CMakeFiles/Final.dir/Core/Src/temperature.c.obj
 .debug_line    0x00009334      0x73c CMakeFiles/Final.dir/Core/Src/key.c.obj
 .debug_line    0x00009a70      0x8d5 CMakeFiles/Final.dir/Core/Src/hc595.c.obj
 .debug_line    0x0000a345      0x8fd CMakeFiles/Final.dir/Core/Src/temp_setting.c.obj
 .debug_line    0x0000ac42       0x78 CMakeFiles/Final.dir/startup_stm32f103xb.s.obj
 .debug_line    0x0000acba      0x17e D:/STM32CubeCLT/STM32CubeCLT_1.18.0/GNU-tools-for-STM32/bin/../lib/gcc/arm-none-eabi/13.3.1/../../../../arm-none-eabi/lib/thumb/v7-m/nofp\libg_nano.a(libc_a-memset.o)
 .debug_line    0x0000ae38      0x165 D:/STM32CubeCLT/STM32CubeCLT_1.18.0/GNU-tools-for-STM32/bin/../lib/gcc/arm-none-eabi/13.3.1/../../../../arm-none-eabi/lib/thumb/v7-m/nofp\libg_nano.a(libc_a-init.o)

.debug_str      0x00000000    0x82404
 .debug_str     0x00000000    0x82404 cmake/stm32cubemx/CMakeFiles/STM32_Drivers.dir/__/__/Core/Src/system_stm32f1xx.c.obj
                              0x7ca4d (size before relaxing)
 .debug_str     0x00082404    0x7d4ed cmake/stm32cubemx/CMakeFiles/STM32_Drivers.dir/__/__/Drivers/STM32F1xx_HAL_Driver/Src/stm32f1xx_hal_uart.c.obj
 .debug_str     0x00082404    0x7d180 cmake/stm32cubemx/CMakeFiles/STM32_Drivers.dir/__/__/Drivers/STM32F1xx_HAL_Driver/Src/stm32f1xx_hal.c.obj
 .debug_str     0x00082404    0x7ce7c cmake/stm32cubemx/CMakeFiles/STM32_Drivers.dir/__/__/Drivers/STM32F1xx_HAL_Driver/Src/stm32f1xx_hal_rcc.c.obj
 .debug_str     0x00082404    0x7cdd3 cmake/stm32cubemx/CMakeFiles/STM32_Drivers.dir/__/__/Drivers/STM32F1xx_HAL_Driver/Src/stm32f1xx_hal_gpio.c.obj
 .debug_str     0x00082404    0x7cdf6 cmake/stm32cubemx/CMakeFiles/STM32_Drivers.dir/__/__/Drivers/STM32F1xx_HAL_Driver/Src/stm32f1xx_hal_dma.c.obj
 .debug_str     0x00082404    0x7d0cc cmake/stm32cubemx/CMakeFiles/STM32_Drivers.dir/__/__/Drivers/STM32F1xx_HAL_Driver/Src/stm32f1xx_hal_cortex.c.obj
 .debug_str     0x00082404    0x80587 CMakeFiles/Final.dir/Core/Src/main.c.obj
 .debug_str     0x00082404    0x7cc77 CMakeFiles/Final.dir/Core/Src/gpio.c.obj
 .debug_str     0x00082404    0x7d3f5 CMakeFiles/Final.dir/Core/Src/usart.c.obj
 .debug_str     0x00082404    0x7d04f CMakeFiles/Final.dir/Core/Src/stm32f1xx_it.c.obj
 .debug_str     0x00082404    0x7cbff CMakeFiles/Final.dir/Core/Src/stm32f1xx_hal_msp.c.obj
 .debug_str     0x00082404    0x7f89a CMakeFiles/Final.dir/Core/Src/temperature.c.obj
 .debug_str     0x00082404    0x7ccdd CMakeFiles/Final.dir/Core/Src/key.c.obj
 .debug_str     0x00082404    0x7cd84 CMakeFiles/Final.dir/Core/Src/hc595.c.obj
 .debug_str     0x00082404    0x7cec2 CMakeFiles/Final.dir/Core/Src/temp_setting.c.obj
 .debug_str     0x00082404       0x8e CMakeFiles/Final.dir/startup_stm32f103xb.s.obj
 .debug_str     0x00082404      0x209 D:/STM32CubeCLT/STM32CubeCLT_1.18.0/GNU-tools-for-STM32/bin/../lib/gcc/arm-none-eabi/13.3.1/../../../../arm-none-eabi/lib/thumb/v7-m/nofp\libg_nano.a(libc_a-memset.o)
 .debug_str     0x00082404      0x26a D:/STM32CubeCLT/STM32CubeCLT_1.18.0/GNU-tools-for-STM32/bin/../lib/gcc/arm-none-eabi/13.3.1/../../../../arm-none-eabi/lib/thumb/v7-m/nofp\libg_nano.a(libc_a-init.o)

.debug_frame    0x00000000     0x1ea4
 .debug_frame   0x00000000       0x58 cmake/stm32cubemx/CMakeFiles/STM32_Drivers.dir/__/__/Core/Src/system_stm32f1xx.c.obj
 .debug_frame   0x00000058      0x944 cmake/stm32cubemx/CMakeFiles/STM32_Drivers.dir/__/__/Drivers/STM32F1xx_HAL_Driver/Src/stm32f1xx_hal_uart.c.obj
 .debug_frame   0x0000099c      0x334 cmake/stm32cubemx/CMakeFiles/STM32_Drivers.dir/__/__/Drivers/STM32F1xx_HAL_Driver/Src/stm32f1xx_hal.c.obj
 .debug_frame   0x00000cd0      0x218 cmake/stm32cubemx/CMakeFiles/STM32_Drivers.dir/__/__/Drivers/STM32F1xx_HAL_Driver/Src/stm32f1xx_hal_rcc.c.obj
 .debug_frame   0x00000ee8      0x14c cmake/stm32cubemx/CMakeFiles/STM32_Drivers.dir/__/__/Drivers/STM32F1xx_HAL_Driver/Src/stm32f1xx_hal_gpio.c.obj
 .debug_frame   0x00001034      0x208 cmake/stm32cubemx/CMakeFiles/STM32_Drivers.dir/__/__/Drivers/STM32F1xx_HAL_Driver/Src/stm32f1xx_hal_dma.c.obj
 .debug_frame   0x0000123c      0x428 cmake/stm32cubemx/CMakeFiles/STM32_Drivers.dir/__/__/Drivers/STM32F1xx_HAL_Driver/Src/stm32f1xx_hal_cortex.c.obj
 .debug_frame   0x00001664       0x94 CMakeFiles/Final.dir/Core/Src/main.c.obj
 .debug_frame   0x000016f8       0x34 CMakeFiles/Final.dir/Core/Src/gpio.c.obj
 .debug_frame   0x0000172c       0x90 CMakeFiles/Final.dir/Core/Src/usart.c.obj
 .debug_frame   0x000017bc      0x120 CMakeFiles/Final.dir/Core/Src/stm32f1xx_it.c.obj
 .debug_frame   0x000018dc       0x38 CMakeFiles/Final.dir/Core/Src/stm32f1xx_hal_msp.c.obj
 .debug_frame   0x00001914       0x88 CMakeFiles/Final.dir/Core/Src/temperature.c.obj
 .debug_frame   0x0000199c       0x80 CMakeFiles/Final.dir/Core/Src/key.c.obj
 .debug_frame   0x00001a1c      0x1bc CMakeFiles/Final.dir/Core/Src/hc595.c.obj
 .debug_frame   0x00001bd8      0x134 CMakeFiles/Final.dir/Core/Src/temp_setting.c.obj
 .debug_frame   0x00001d0c       0x4c D:/STM32CubeCLT/STM32CubeCLT_1.18.0/GNU-tools-for-STM32/bin/../lib/gcc/arm-none-eabi/13.3.1/thumb/v7-m/nofp\libgcc.a(_arm_addsubsf3.o)
 .debug_frame   0x00001d58       0x38 D:/STM32CubeCLT/STM32CubeCLT_1.18.0/GNU-tools-for-STM32/bin/../lib/gcc/arm-none-eabi/13.3.1/thumb/v7-m/nofp\libgcc.a(_arm_muldivsf3.o)
 .debug_frame   0x00001d90       0xc8 D:/STM32CubeCLT/STM32CubeCLT_1.18.0/GNU-tools-for-STM32/bin/../lib/gcc/arm-none-eabi/13.3.1/thumb/v7-m/nofp\libgcc.a(_arm_cmpsf2.o)
 .debug_frame   0x00001e58       0x20 D:/STM32CubeCLT/STM32CubeCLT_1.18.0/GNU-tools-for-STM32/bin/../lib/gcc/arm-none-eabi/13.3.1/../../../../arm-none-eabi/lib/thumb/v7-m/nofp\libg_nano.a(libc_a-memset.o)
 .debug_frame   0x00001e78       0x2c D:/STM32CubeCLT/STM32CubeCLT_1.18.0/GNU-tools-for-STM32/bin/../lib/gcc/arm-none-eabi/13.3.1/../../../../arm-none-eabi/lib/thumb/v7-m/nofp\libg_nano.a(libc_a-init.o)

.debug_line_str
                0x00000000       0x72
 .debug_line_str
                0x00000000       0x72 CMakeFiles/Final.dir/startup_stm32f103xb.s.obj

.debug_loclists
                0x00000000       0x6f
 .debug_loclists
                0x00000000       0x3b D:/STM32CubeCLT/STM32CubeCLT_1.18.0/GNU-tools-for-STM32/bin/../lib/gcc/arm-none-eabi/13.3.1/../../../../arm-none-eabi/lib/thumb/v7-m/nofp\libg_nano.a(libc_a-memset.o)
 .debug_loclists
                0x0000003b       0x34 D:/STM32CubeCLT/STM32CubeCLT_1.18.0/GNU-tools-for-STM32/bin/../lib/gcc/arm-none-eabi/13.3.1/../../../../arm-none-eabi/lib/thumb/v7-m/nofp\libg_nano.a(libc_a-init.o)
